Overriding: out_dir = /workspace/classical-training/results/seed-4242/shuffled
Overriding: dataset = classical_shuffled
Overriding: sequential_data = False
Overriding: seed_offset = 2905
Overriding: batch_size = 8
Overriding: block_size = 2048
Overriding: gradient_accumulation_steps = 4
Overriding: eval_interval = 250
Overriding: eval_iters = 100
Overriding: log_interval = 50
Overriding: always_save_checkpoint = True
Overriding: wandb_log = False
Overriding: n_layer = 12
Overriding: n_head = 12
Overriding: n_embd = 768
Overriding: dropout = 0.0
Overriding: bias = True
Overriding: init_from = scratch
Overriding: max_iters = 5000
Overriding: learning_rate = 0.0003
Overriding: weight_decay = 0.1
Overriding: beta1 = 0.9
Overriding: beta2 = 0.95
Overriding: grad_clip = 1.0
Overriding: decay_lr = True
Overriding: warmup_iters = 200
Overriding: lr_decay_iters = 5000
Overriding: min_lr = 3e-05
Overriding: device = cuda
Overriding: dtype = bfloat16
Overriding: compile = False
tokens per iteration will be: 65,536
found vocab_size = 8000 (inside data/classical_shuffled/meta.pkl)
Initializing a new model from scratch
number of parameters: 91.20M
/workspace/classical-training/nanoGPT/train.py:219: FutureWarning: `torch.cuda.amp.GradScaler(args...)` is deprecated. Please use `torch.amp.GradScaler('cuda', args...)` instead.
  scaler = torch.cuda.amp.GradScaler(enabled=(dtype == 'float16'))
num decayed parameter tensors: 50, with 92,651,520 parameters
num non-decayed parameter tensors: 98, with 121,344 parameters
using fused AdamW: True
step 0: train loss 9.1550, val loss 9.1556
iter 0: loss 9.1678, time 16188.42ms, mfu -100.00%
iter 50: loss 6.7724, time 851.92ms, mfu 19.08%
iter 100: loss 5.5787, time 859.26ms, mfu 19.06%
iter 150: loss 5.3267, time 857.86ms, mfu 19.05%
iter 200: loss 4.9895, time 860.49ms, mfu 19.03%
step 250: train loss 5.0744, val loss 5.0500
saving checkpoint to /workspace/classical-training/results/seed-4242/shuffled
iter 250: loss 5.1504, time 18775.38ms, mfu 17.22%
iter 300: loss 4.9777, time 858.40ms, mfu 17.39%
iter 350: loss 4.7887, time 858.27ms, mfu 17.54%
iter 400: loss 4.6624, time 856.76ms, mfu 17.68%
iter 450: loss 4.6127, time 857.59ms, mfu 17.81%
step 500: train loss 4.5635, val loss 4.5266
saving checkpoint to /workspace/classical-training/results/seed-4242/shuffled
iter 500: loss 4.7146, time 18319.58ms, mfu 16.12%
iter 550: loss 4.6133, time 855.81ms, mfu 16.41%
iter 600: loss 4.0283, time 856.65ms, mfu 16.66%
iter 650: loss 4.2572, time 857.36ms, mfu 16.89%
iter 700: loss 4.4045, time 857.27ms, mfu 17.10%
step 750: train loss 4.0911, val loss 4.1056
saving checkpoint to /workspace/classical-training/results/seed-4242/shuffled
iter 750: loss 4.0748, time 18616.01ms, mfu 15.48%
iter 800: loss 3.8407, time 856.83ms, mfu 15.82%
iter 850: loss 3.5904, time 858.00ms, mfu 16.14%
iter 900: loss 4.1911, time 858.07ms, mfu 16.42%
iter 950: loss 3.9345, time 857.91ms, mfu 16.67%
step 1000: train loss 3.8133, val loss 3.8326
saving checkpoint to /workspace/classical-training/results/seed-4242/shuffled
iter 1000: loss 3.3958, time 18486.64ms, mfu 15.09%
iter 1050: loss 3.9379, time 856.68ms, mfu 15.48%
iter 1100: loss 3.7144, time 857.10ms, mfu 15.83%
iter 1150: loss 3.1401, time 858.65ms, mfu 16.14%
iter 1200: loss 3.1272, time 858.78ms, mfu 16.42%
step 1250: train loss 3.5785, val loss 3.6764
saving checkpoint to /workspace/classical-training/results/seed-4242/shuffled
iter 1250: loss 3.3250, time 18868.67ms, mfu 14.86%
iter 1300: loss 3.6304, time 857.23ms, mfu 15.27%
iter 1350: loss 3.2998, time 857.79ms, mfu 15.64%
iter 1400: loss 3.5406, time 858.59ms, mfu 15.97%
iter 1450: loss 3.3768, time 857.66ms, mfu 16.26%
step 1500: train loss 3.3808, val loss 3.5393
saving checkpoint to /workspace/classical-training/results/seed-4242/shuffled
iter 1500: loss 3.6833, time 18648.42ms, mfu 14.73%
iter 1550: loss 2.7725, time 858.25ms, mfu 15.15%
iter 1600: loss 2.9074, time 857.37ms, mfu 15.53%
iter 1650: loss 3.6392, time 859.01ms, mfu 15.87%
iter 1700: loss 3.4101, time 858.18ms, mfu 16.17%
step 1750: train loss 3.2352, val loss 3.4794
saving checkpoint to /workspace/classical-training/results/seed-4242/shuffled
iter 1750: loss 3.3701, time 19006.34ms, mfu 14.64%
iter 1800: loss 3.1540, time 858.54ms, mfu 15.07%
iter 1850: loss 3.5568, time 858.96ms, mfu 15.46%
iter 1900: loss 2.8502, time 858.61ms, mfu 15.80%
iter 1950: loss 3.0887, time 858.29ms, mfu 16.12%
step 2000: train loss 3.1135, val loss 3.4038
saving checkpoint to /workspace/classical-training/results/seed-4242/shuffled
iter 2000: loss 2.6576, time 18659.70ms, mfu 14.59%
iter 2050: loss 2.9644, time 856.45ms, mfu 15.03%
iter 2100: loss 2.6327, time 859.47ms, mfu 15.42%
iter 2150: loss 3.2192, time 858.90ms, mfu 15.77%
iter 2200: loss 3.4014, time 858.12ms, mfu 16.09%
step 2250: train loss 2.9567, val loss 3.3338
saving checkpoint to /workspace/classical-training/results/seed-4242/shuffled
iter 2250: loss 3.2760, time 19043.64ms, mfu 14.56%
iter 2300: loss 3.0142, time 854.51ms, mfu 15.01%
iter 2350: loss 3.2560, time 855.35ms, mfu 15.41%
iter 2400: loss 3.2314, time 856.34ms, mfu 15.76%
iter 2450: loss 2.9997, time 855.11ms, mfu 16.09%
step 2500: train loss 2.8328, val loss 3.3504
saving checkpoint to /workspace/classical-training/results/seed-4242/shuffled
iter 2500: loss 2.9731, time 18784.99ms, mfu 14.57%
iter 2550: loss 3.0569, time 855.10ms, mfu 15.01%
iter 2600: loss 2.6352, time 854.54ms, mfu 15.41%
iter 2650: loss 2.9155, time 856.85ms, mfu 15.77%
iter 2700: loss 3.1409, time 856.15ms, mfu 16.09%
step 2750: train loss 2.7671, val loss 3.3271
saving checkpoint to /workspace/classical-training/results/seed-4242/shuffled
iter 2750: loss 2.8434, time 18556.75ms, mfu 14.57%
iter 2800: loss 2.6455, time 855.62ms, mfu 15.01%
iter 2850: loss 2.6662, time 855.16ms, mfu 15.41%
iter 2900: loss 2.5468, time 855.48ms, mfu 15.77%
iter 2950: loss 2.7723, time 854.95ms, mfu 16.09%
step 3000: train loss 2.6130, val loss 3.3548
saving checkpoint to /workspace/classical-training/results/seed-4242/shuffled
iter 3000: loss 2.6235, time 18190.39ms, mfu 14.57%
iter 3050: loss 2.6369, time 856.18ms, mfu 15.01%
iter 3100: loss 2.5366, time 852.88ms, mfu 15.42%
iter 3150: loss 2.4054, time 856.48ms, mfu 15.77%
iter 3200: loss 2.6915, time 856.70ms, mfu 16.09%
step 3250: train loss 2.5195, val loss 3.3067
saving checkpoint to /workspace/classical-training/results/seed-4242/shuffled
iter 3250: loss 2.4911, time 18599.44ms, mfu 14.57%
iter 3300: loss 2.8187, time 854.74ms, mfu 15.01%
iter 3350: loss 2.7820, time 855.40ms, mfu 15.41%
iter 3400: loss 2.3591, time 856.77ms, mfu 15.77%
iter 3450: loss 2.5418, time 857.29ms, mfu 16.09%
step 3500: train loss 2.3813, val loss 3.3809
saving checkpoint to /workspace/classical-training/results/seed-4242/shuffled
iter 3500: loss 2.8142, time 18551.46ms, mfu 14.57%
iter 3550: loss 2.5977, time 855.47ms, mfu 15.01%
iter 3600: loss 2.3890, time 857.26ms, mfu 15.40%
iter 3650: loss 2.5078, time 855.59ms, mfu 15.76%
iter 3700: loss 2.4055, time 854.24ms, mfu 16.09%
step 3750: train loss 2.3118, val loss 3.3937
saving checkpoint to /workspace/classical-training/results/seed-4242/shuffled
iter 3750: loss 2.3034, time 18315.11ms, mfu 14.57%
iter 3800: loss 2.5462, time 856.07ms, mfu 15.01%
iter 3850: loss 2.1016, time 856.52ms, mfu 15.41%
iter 3900: loss 2.3687, time 854.88ms, mfu 15.77%
iter 3950: loss 2.4659, time 856.46ms, mfu 16.09%
step 4000: train loss 2.2492, val loss 3.4286
saving checkpoint to /workspace/classical-training/results/seed-4242/shuffled
iter 4000: loss 2.4685, time 18714.55ms, mfu 14.57%
iter 4050: loss 2.1423, time 856.00ms, mfu 15.01%
iter 4100: loss 2.4176, time 856.65ms, mfu 15.40%
iter 4150: loss 2.5560, time 855.53ms, mfu 15.76%
iter 4200: loss 2.0475, time 857.15ms, mfu 16.08%
step 4250: train loss 2.1604, val loss 3.5210
saving checkpoint to /workspace/classical-training/results/seed-4242/shuffled
iter 4250: loss 2.1625, time 18584.05ms, mfu 14.56%
iter 4300: loss 2.4301, time 854.26ms, mfu 15.01%
iter 4350: loss 1.9475, time 856.02ms, mfu 15.41%
iter 4400: loss 2.1190, time 855.67ms, mfu 15.76%
iter 4450: loss 2.2087, time 854.56ms, mfu 16.09%
step 4500: train loss 2.0760, val loss 3.4843
saving checkpoint to /workspace/classical-training/results/seed-4242/shuffled
iter 4500: loss 1.5287, time 18459.80ms, mfu 14.57%
iter 4550: loss 2.1487, time 855.22ms, mfu 15.01%
iter 4600: loss 1.7969, time 857.95ms, mfu 15.41%
iter 4650: loss 2.1742, time 858.69ms, mfu 15.76%
iter 4700: loss 1.8751, time 856.45ms, mfu 16.08%
step 4750: train loss 2.0874, val loss 3.5484
saving checkpoint to /workspace/classical-training/results/seed-4242/shuffled
iter 4750: loss 1.7931, time 18602.04ms, mfu 14.56%
iter 4800: loss 2.0868, time 852.69ms, mfu 15.01%
iter 4850: loss 2.0336, time 851.89ms, mfu 15.42%
iter 4900: loss 1.6696, time 855.79ms, mfu 15.77%
iter 4950: loss 2.1108, time 854.70ms, mfu 16.10%
step 5000: train loss 1.9924, val loss 3.5517
saving checkpoint to /workspace/classical-training/results/seed-4242/shuffled
iter 5000: loss 1.9468, time 17521.97ms, mfu 14.58%
