Overriding: out_dir = /workspace/classical-training/results/seed-2024/sequenced
Overriding: dataset = classical_sequenced
Overriding: sequential_data = True
Overriding: seed_offset = 687
Overriding: batch_size = 8
Overriding: block_size = 2048
Overriding: gradient_accumulation_steps = 4
Overriding: eval_interval = 250
Overriding: eval_iters = 100
Overriding: log_interval = 50
Overriding: always_save_checkpoint = True
Overriding: wandb_log = False
Overriding: n_layer = 12
Overriding: n_head = 12
Overriding: n_embd = 768
Overriding: dropout = 0.0
Overriding: bias = True
Overriding: init_from = scratch
Overriding: max_iters = 5000
Overriding: learning_rate = 0.0003
Overriding: weight_decay = 0.1
Overriding: beta1 = 0.9
Overriding: beta2 = 0.95
Overriding: grad_clip = 1.0
Overriding: decay_lr = True
Overriding: warmup_iters = 200
Overriding: lr_decay_iters = 5000
Overriding: min_lr = 3e-05
Overriding: device = cuda
Overriding: dtype = bfloat16
Overriding: compile = False
tokens per iteration will be: 65,536
found vocab_size = 8000 (inside data/classical_sequenced/meta.pkl)
Initializing a new model from scratch
number of parameters: 91.20M
/workspace/classical-training/nanoGPT/train.py:219: FutureWarning: `torch.cuda.amp.GradScaler(args...)` is deprecated. Please use `torch.amp.GradScaler('cuda', args...)` instead.
  scaler = torch.cuda.amp.GradScaler(enabled=(dtype == 'float16'))
num decayed parameter tensors: 50, with 92,651,520 parameters
num non-decayed parameter tensors: 98, with 121,344 parameters
using fused AdamW: True
step 0: train loss 9.1542, val loss 9.1547
iter 0: loss 9.1411, time 14900.82ms, mfu -100.00%
iter 50: loss 7.0898, time 843.95ms, mfu 19.26%
iter 100: loss 5.9919, time 852.88ms, mfu 19.24%
iter 150: loss 6.1089, time 856.58ms, mfu 19.21%
iter 200: loss 6.2638, time 858.19ms, mfu 19.18%
step 250: train loss 6.2277, val loss 6.0269
saving checkpoint to /workspace/classical-training/results/seed-2024/sequenced
iter 250: loss 5.9713, time 18758.89ms, mfu 17.35%
iter 300: loss 5.3731, time 859.79ms, mfu 17.51%
iter 350: loss 5.6883, time 861.14ms, mfu 17.64%
iter 400: loss 6.7549, time 859.52ms, mfu 17.77%
iter 450: loss 5.9560, time 863.15ms, mfu 17.88%
step 500: train loss 6.0096, val loss 5.7132
saving checkpoint to /workspace/classical-training/results/seed-2024/sequenced
iter 500: loss 6.2129, time 18782.61ms, mfu 16.17%
iter 550: loss 5.6841, time 860.36ms, mfu 16.45%
iter 600: loss 5.6317, time 862.32ms, mfu 16.69%
iter 650: loss 5.6236, time 859.43ms, mfu 16.91%
iter 700: loss 4.7911, time 860.71ms, mfu 17.11%
step 750: train loss 5.4518, val loss 5.5351
saving checkpoint to /workspace/classical-training/results/seed-2024/sequenced
iter 750: loss 5.6559, time 18838.15ms, mfu 15.48%
iter 800: loss 5.3653, time 859.92ms, mfu 15.82%
iter 850: loss 4.3896, time 861.40ms, mfu 16.13%
iter 900: loss 5.0590, time 861.77ms, mfu 16.40%
iter 950: loss 5.4788, time 861.07ms, mfu 16.65%
step 1000: train loss 5.5632, val loss 5.4467
saving checkpoint to /workspace/classical-training/results/seed-2024/sequenced
iter 1000: loss 5.7243, time 18135.84ms, mfu 15.07%
iter 1050: loss 5.1903, time 861.04ms, mfu 15.45%
iter 1100: loss 6.2549, time 858.52ms, mfu 15.80%
iter 1150: loss 5.3466, time 862.88ms, mfu 16.10%
iter 1200: loss 5.2584, time 863.00ms, mfu 16.38%
step 1250: train loss 5.5552, val loss 5.4164
saving checkpoint to /workspace/classical-training/results/seed-2024/sequenced
iter 1250: loss 5.5561, time 18686.70ms, mfu 14.83%
iter 1300: loss 6.0225, time 860.20ms, mfu 15.23%
iter 1350: loss 4.5827, time 859.58ms, mfu 15.60%
iter 1400: loss 4.5501, time 860.29ms, mfu 15.93%
iter 1450: loss 5.7795, time 860.97ms, mfu 16.22%
step 1500: train loss 4.8019, val loss 5.1820
saving checkpoint to /workspace/classical-training/results/seed-2024/sequenced
iter 1500: loss 5.2956, time 18686.16ms, mfu 14.69%
iter 1550: loss 5.2122, time 861.11ms, mfu 15.11%
iter 1600: loss 4.9932, time 860.63ms, mfu 15.48%
iter 1650: loss 4.2000, time 859.75ms, mfu 15.83%
iter 1700: loss 4.9279, time 860.63ms, mfu 16.13%
step 1750: train loss 4.9361, val loss 5.1422
saving checkpoint to /workspace/classical-training/results/seed-2024/sequenced
iter 1750: loss 4.6839, time 18466.75ms, mfu 14.61%
iter 1800: loss 4.8439, time 859.38ms, mfu 15.04%
iter 1850: loss 4.8360, time 861.20ms, mfu 15.42%
iter 1900: loss 5.0206, time 860.97ms, mfu 15.77%
iter 1950: loss 5.0138, time 859.90ms, mfu 16.08%
step 2000: train loss 5.3343, val loss 5.0611
saving checkpoint to /workspace/classical-training/results/seed-2024/sequenced
iter 2000: loss 5.2579, time 18654.03ms, mfu 14.56%
iter 2050: loss 5.3312, time 860.55ms, mfu 14.99%
iter 2100: loss 5.0107, time 860.70ms, mfu 15.38%
iter 2150: loss 4.7044, time 861.57ms, mfu 15.73%
iter 2200: loss 5.0906, time 860.61ms, mfu 16.04%
step 2250: train loss 5.0812, val loss 4.9994
saving checkpoint to /workspace/classical-training/results/seed-2024/sequenced
iter 2250: loss 5.8657, time 18813.17ms, mfu 14.53%
iter 2300: loss 5.0024, time 861.10ms, mfu 14.96%
iter 2350: loss 5.1199, time 861.62ms, mfu 15.35%
iter 2400: loss 4.7255, time 862.82ms, mfu 15.70%
iter 2450: loss 4.0705, time 863.67ms, mfu 16.01%
step 2500: train loss 4.9602, val loss 4.9646
saving checkpoint to /workspace/classical-training/results/seed-2024/sequenced
iter 2500: loss 5.1268, time 18974.83ms, mfu 14.50%
iter 2550: loss 3.7592, time 861.15ms, mfu 14.93%
iter 2600: loss 4.7588, time 861.70ms, mfu 15.33%
iter 2650: loss 5.3370, time 861.71ms, mfu 15.68%
iter 2700: loss 5.0427, time 862.37ms, mfu 16.00%
step 2750: train loss 4.8528, val loss 4.9003
saving checkpoint to /workspace/classical-training/results/seed-2024/sequenced
iter 2750: loss 4.8731, time 19080.84ms, mfu 14.48%
iter 2800: loss 5.0374, time 860.57ms, mfu 14.92%
iter 2850: loss 4.1662, time 860.94ms, mfu 15.32%
iter 2900: loss 4.9855, time 860.55ms, mfu 15.67%
iter 2950: loss 4.8410, time 860.53ms, mfu 16.00%
step 3000: train loss 4.8233, val loss 4.7981
saving checkpoint to /workspace/classical-training/results/seed-2024/sequenced
iter 3000: loss 4.8717, time 18593.36ms, mfu 14.48%
iter 3050: loss 4.1182, time 860.43ms, mfu 14.92%
iter 3100: loss 4.8324, time 861.01ms, mfu 15.32%
iter 3150: loss 4.8864, time 860.46ms, mfu 15.68%
iter 3200: loss 5.0139, time 860.94ms, mfu 16.00%
step 3250: train loss 4.4173, val loss 4.7771
saving checkpoint to /workspace/classical-training/results/seed-2024/sequenced
iter 3250: loss 4.9861, time 18763.73ms, mfu 14.48%
iter 3300: loss 5.1416, time 859.45ms, mfu 14.93%
iter 3350: loss 3.6418, time 863.44ms, mfu 15.31%
iter 3400: loss 4.5062, time 860.83ms, mfu 15.67%
iter 3450: loss 4.5507, time 861.38ms, mfu 15.99%
step 3500: train loss 4.2716, val loss 4.7688
saving checkpoint to /workspace/classical-training/results/seed-2024/sequenced
iter 3500: loss 3.8262, time 18772.92ms, mfu 14.48%
iter 3550: loss 4.6256, time 860.02ms, mfu 14.92%
iter 3600: loss 5.0704, time 860.30ms, mfu 15.32%
iter 3650: loss 4.3696, time 861.12ms, mfu 15.67%
iter 3700: loss 4.0044, time 856.47ms, mfu 16.00%
step 3750: train loss 4.5512, val loss 4.6660
saving checkpoint to /workspace/classical-training/results/seed-2024/sequenced
iter 3750: loss 4.4178, time 18770.19ms, mfu 14.49%
iter 3800: loss 4.6176, time 858.00ms, mfu 14.93%
iter 3850: loss 5.3330, time 859.68ms, mfu 15.33%
iter 3900: loss 5.5167, time 861.27ms, mfu 15.69%
iter 3950: loss 4.7603, time 859.11ms, mfu 16.01%
step 4000: train loss 4.5525, val loss 4.6539
saving checkpoint to /workspace/classical-training/results/seed-2024/sequenced
iter 4000: loss 4.1496, time 18585.79ms, mfu 14.49%
iter 4050: loss 4.7465, time 860.45ms, mfu 14.93%
iter 4100: loss 4.4498, time 860.48ms, mfu 15.33%
iter 4150: loss 3.7160, time 861.15ms, mfu 15.68%
iter 4200: loss 4.5652, time 860.28ms, mfu 16.00%
step 4250: train loss 4.4822, val loss 4.6295
saving checkpoint to /workspace/classical-training/results/seed-2024/sequenced
iter 4250: loss 4.4262, time 18300.19ms, mfu 14.49%
iter 4300: loss 3.7578, time 859.93ms, mfu 14.93%
iter 4350: loss 4.6020, time 861.14ms, mfu 15.33%
iter 4400: loss 4.9360, time 861.07ms, mfu 15.68%
iter 4450: loss 4.1454, time 860.69ms, mfu 16.00%
step 4500: train loss 4.4561, val loss 4.6007
saving checkpoint to /workspace/classical-training/results/seed-2024/sequenced
iter 4500: loss 5.1672, time 18751.59ms, mfu 14.49%
iter 4550: loss 5.1529, time 859.96ms, mfu 14.93%
iter 4600: loss 4.5611, time 859.59ms, mfu 15.33%
iter 4650: loss 4.4083, time 859.21ms, mfu 15.69%
iter 4700: loss 3.7055, time 859.13ms, mfu 16.01%
step 4750: train loss 4.4165, val loss 4.5968
saving checkpoint to /workspace/classical-training/results/seed-2024/sequenced
iter 4750: loss 4.6931, time 18232.25ms, mfu 14.50%
iter 4800: loss 4.4998, time 860.63ms, mfu 14.94%
iter 4850: loss 4.5451, time 859.70ms, mfu 15.33%
iter 4900: loss 4.5883, time 860.58ms, mfu 15.69%
iter 4950: loss 4.4900, time 860.99ms, mfu 16.01%
step 5000: train loss 4.4475, val loss 4.5522
saving checkpoint to /workspace/classical-training/results/seed-2024/sequenced
iter 5000: loss 4.7268, time 19044.51ms, mfu 14.49%
