============================================
Multi-seed replication run
============================================
Start: Mon May 18 01:08:45 UTC 2026
GPU: NVIDIA RTX A5000, 24564 MiB
Seeds: 1337 2024 4242 7777 9999
Conditions: sequenced, shuffled
Total runs: 10

Testing GPU memory with batch_size=32...
    return torch._C._nn.cross_entropy_loss(input, target, weight, _Reduction.get_enum(reduction), ignore_index, label_smoothing)
           ^^^^^^^^^^^^^^^^^^^^^^^^^^^^^^^^^^^^^^^^^^^^^^^^^^^^^^^^^^^^^^^^^^^^^^^^^^^^^^^^^^^^^^^^^^^^^^^^^^^^^^^^^^^^^^^^^^^^^
torch.OutOfMemoryError: CUDA out of memory. Tried to allocate 1000.00 MiB. GPU 0 has a total capacity of 23.57 GiB of which 789.38 MiB is free. Process 1541829 has 22.79 GiB memory in use. Of the allocated memory 22.47 GiB is allocated by PyTorch, and 75.14 MiB is reserved by PyTorch but unallocated. If reserved but unallocated memory is large try setting PYTORCH_CUDA_ALLOC_CONF=expandable_segments:True to avoid fragmentation.  See documentation for Memory Management  (https://pytorch.org/docs/stable/notes/cuda.html#environment-variables)
batch_size=32 fits.
Config: batch_size=8, gradient_accumulation_steps=4


============================================
[1/10] Seed 1337 (offset 0), sequenced
Start: Mon May 18 01:10:36 UTC 2026
============================================
/workspace/classical-training/nanoGPT/train.py:219: FutureWarning: `torch.cuda.amp.GradScaler(args...)` is deprecated. Please use `torch.amp.GradScaler('cuda', args...)` instead.
  scaler = torch.cuda.amp.GradScaler(enabled=(dtype == 'float16'))
Overriding: out_dir = /workspace/classical-training/results/seed-1337/sequenced
Overriding: dataset = classical_sequenced
Overriding: sequential_data = True
Overriding: seed_offset = 0
Overriding: batch_size = 8
Overriding: block_size = 2048
Overriding: gradient_accumulation_steps = 4
Overriding: eval_interval = 250
Overriding: eval_iters = 100
Overriding: log_interval = 50
Overriding: always_save_checkpoint = True
Overriding: wandb_log = False
Overriding: n_layer = 12
Overriding: n_head = 12
Overriding: n_embd = 768
Overriding: dropout = 0.0
Overriding: bias = True
Overriding: init_from = scratch
Overriding: max_iters = 5000
Overriding: learning_rate = 0.0003
Overriding: weight_decay = 0.1
Overriding: beta1 = 0.9
Overriding: beta2 = 0.95
Overriding: grad_clip = 1.0
Overriding: decay_lr = True
Overriding: warmup_iters = 200
Overriding: lr_decay_iters = 5000
Overriding: min_lr = 3e-05
Overriding: device = cuda
Overriding: dtype = bfloat16
Overriding: compile = False
tokens per iteration will be: 65,536
found vocab_size = 8000 (inside data/classical_sequenced/meta.pkl)
Initializing a new model from scratch
number of parameters: 91.20M
num decayed parameter tensors: 50, with 92,651,520 parameters
num non-decayed parameter tensors: 98, with 121,344 parameters
using fused AdamW: True
step 0: train loss 9.1542, val loss 9.1547
iter 0: loss 9.1411, time 15347.00ms, mfu -100.00%
iter 50: loss 7.0899, time 854.31ms, mfu 19.02%
iter 100: loss 5.9918, time 855.53ms, mfu 19.02%
iter 150: loss 6.1082, time 855.22ms, mfu 19.02%
iter 200: loss 6.2673, time 858.99ms, mfu 19.01%
step 250: train loss 6.2302, val loss 6.0277
saving checkpoint to /workspace/classical-training/results/seed-1337/sequenced
iter 250: loss 5.9732, time 17867.69ms, mfu 17.20%
iter 300: loss 5.3661, time 857.31ms, mfu 17.37%
iter 350: loss 5.6810, time 858.59ms, mfu 17.53%
iter 400: loss 6.7629, time 855.92ms, mfu 17.68%
iter 450: loss 5.9490, time 858.82ms, mfu 17.80%
step 500: train loss 6.0007, val loss 5.7098
saving checkpoint to /workspace/classical-training/results/seed-1337/sequenced
iter 500: loss 6.2107, time 17704.78ms, mfu 16.11%
iter 550: loss 5.6933, time 858.86ms, mfu 16.39%
iter 600: loss 5.6430, time 862.24ms, mfu 16.64%
iter 650: loss 5.6235, time 861.62ms, mfu 16.86%
iter 700: loss 4.7938, time 861.44ms, mfu 17.06%
step 750: train loss 5.4484, val loss 5.5419
saving checkpoint to /workspace/classical-training/results/seed-1337/sequenced
iter 750: loss 5.6644, time 18646.63ms, mfu 15.44%
iter 800: loss 5.3576, time 860.06ms, mfu 15.79%
iter 850: loss 4.4033, time 857.95ms, mfu 16.10%
iter 900: loss 5.0578, time 861.65ms, mfu 16.38%
iter 950: loss 5.4802, time 862.27ms, mfu 16.63%
step 1000: train loss 5.5574, val loss 5.4223
saving checkpoint to /workspace/classical-training/results/seed-1337/sequenced
iter 1000: loss 5.7542, time 18582.45ms, mfu 15.05%
iter 1050: loss 5.1874, time 862.35ms, mfu 15.43%
iter 1100: loss 6.2603, time 857.91ms, mfu 15.78%
iter 1150: loss 5.3499, time 861.75ms, mfu 16.09%
iter 1200: loss 5.2735, time 861.39ms, mfu 16.37%
step 1250: train loss 5.5353, val loss 5.4017
saving checkpoint to /workspace/classical-training/results/seed-1337/sequenced
iter 1250: loss 5.5036, time 18855.59ms, mfu 14.82%
iter 1300: loss 5.9918, time 858.98ms, mfu 15.23%
iter 1350: loss 4.5987, time 859.64ms, mfu 15.59%
iter 1400: loss 4.5422, time 861.98ms, mfu 15.92%
iter 1450: loss 5.7539, time 859.64ms, mfu 16.22%
step 1500: train loss 4.8144, val loss 5.1979
saving checkpoint to /workspace/classical-training/results/seed-1337/sequenced
iter 1500: loss 5.2974, time 18913.57ms, mfu 14.68%
iter 1550: loss 5.2213, time 859.23ms, mfu 15.11%
iter 1600: loss 5.0109, time 859.72ms, mfu 15.49%
iter 1650: loss 4.1977, time 858.58ms, mfu 15.83%
iter 1700: loss 4.9328, time 860.83ms, mfu 16.13%
step 1750: train loss 4.9473, val loss 5.1452
saving checkpoint to /workspace/classical-training/results/seed-1337/sequenced
iter 1750: loss 4.6690, time 18259.30ms, mfu 14.61%
iter 1800: loss 4.8437, time 858.57ms, mfu 15.04%
iter 1850: loss 4.8204, time 859.89ms, mfu 15.43%
iter 1900: loss 5.0317, time 859.52ms, mfu 15.78%
iter 1950: loss 5.0149, time 860.81ms, mfu 16.09%
step 2000: train loss 5.3307, val loss 5.0612
saving checkpoint to /workspace/classical-training/results/seed-1337/sequenced
iter 2000: loss 5.2727, time 18518.61ms, mfu 14.57%
iter 2050: loss 5.3308, time 860.26ms, mfu 15.00%
iter 2100: loss 5.0162, time 858.88ms, mfu 15.39%
iter 2150: loss 4.6603, time 858.53ms, mfu 15.74%
iter 2200: loss 5.0749, time 859.93ms, mfu 16.06%
step 2250: train loss 5.0774, val loss 4.9914
saving checkpoint to /workspace/classical-training/results/seed-1337/sequenced
iter 2250: loss 5.8796, time 19127.51ms, mfu 14.54%
iter 2300: loss 4.9886, time 859.31ms, mfu 14.98%
iter 2350: loss 5.1140, time 860.01ms, mfu 15.37%
iter 2400: loss 4.7156, time 858.28ms, mfu 15.72%
iter 2450: loss 4.0661, time 859.27ms, mfu 16.04%
step 2500: train loss 4.9518, val loss 4.9498
saving checkpoint to /workspace/classical-training/results/seed-1337/sequenced
iter 2500: loss 5.1137, time 18507.32ms, mfu 14.53%
iter 2550: loss 3.7456, time 858.89ms, mfu 14.97%
iter 2600: loss 4.7526, time 859.05ms, mfu 15.36%
iter 2650: loss 5.3158, time 859.71ms, mfu 15.72%
iter 2700: loss 5.0367, time 860.69ms, mfu 16.03%
step 2750: train loss 4.8502, val loss 4.8980
saving checkpoint to /workspace/classical-training/results/seed-1337/sequenced
iter 2750: loss 4.8388, time 18848.90ms, mfu 14.52%
iter 2800: loss 5.0227, time 861.19ms, mfu 14.95%
iter 2850: loss 4.1359, time 860.54ms, mfu 15.34%
iter 2900: loss 4.9774, time 858.87ms, mfu 15.70%
iter 2950: loss 4.8346, time 860.08ms, mfu 16.02%
step 3000: train loss 4.8218, val loss 4.7988
saving checkpoint to /workspace/classical-training/results/seed-1337/sequenced
iter 3000: loss 4.8562, time 18447.44ms, mfu 14.51%
iter 3050: loss 4.0989, time 860.15ms, mfu 14.95%
iter 3100: loss 4.8314, time 859.42ms, mfu 15.34%
iter 3150: loss 4.9055, time 861.72ms, mfu 15.69%
iter 3200: loss 5.0066, time 858.92ms, mfu 16.02%
step 3250: train loss 4.4181, val loss 4.7810
saving checkpoint to /workspace/classical-training/results/seed-1337/sequenced
iter 3250: loss 4.9948, time 18136.36ms, mfu 14.50%
iter 3300: loss 5.1419, time 857.93ms, mfu 14.95%
iter 3350: loss 3.6377, time 859.41ms, mfu 15.34%
iter 3400: loss 4.5134, time 860.18ms, mfu 15.70%
iter 3450: loss 4.5562, time 859.20ms, mfu 16.02%
step 3500: train loss 4.2767, val loss 4.7686
saving checkpoint to /workspace/classical-training/results/seed-1337/sequenced
iter 3500: loss 3.8385, time 18450.85ms, mfu 14.51%
iter 3550: loss 4.6270, time 859.18ms, mfu 14.95%
iter 3600: loss 5.0625, time 857.24ms, mfu 15.35%
iter 3650: loss 4.3577, time 859.04ms, mfu 15.71%
iter 3700: loss 4.0127, time 858.58ms, mfu 16.03%
step 3750: train loss 4.5421, val loss 4.6565
saving checkpoint to /workspace/classical-training/results/seed-1337/sequenced
iter 3750: loss 4.5215, time 18623.04ms, mfu 14.51%
iter 3800: loss 4.6326, time 859.50ms, mfu 14.95%
iter 3850: loss 5.2889, time 859.86ms, mfu 15.35%
iter 3900: loss 5.5262, time 860.07ms, mfu 15.70%
iter 3950: loss 4.7605, time 860.07ms, mfu 16.02%
step 4000: train loss 4.5373, val loss 4.6392
saving checkpoint to /workspace/classical-training/results/seed-1337/sequenced
iter 4000: loss 4.0977, time 18605.69ms, mfu 14.51%
iter 4050: loss 4.7336, time 857.79ms, mfu 14.95%
iter 4100: loss 4.4441, time 858.89ms, mfu 15.35%
iter 4150: loss 3.6966, time 860.21ms, mfu 15.70%
iter 4200: loss 4.5516, time 861.32ms, mfu 16.02%
step 4250: train loss 4.4835, val loss 4.6315
saving checkpoint to /workspace/classical-training/results/seed-1337/sequenced
iter 4250: loss 4.4250, time 18983.75ms, mfu 14.50%
iter 4300: loss 3.7574, time 860.34ms, mfu 14.94%
iter 4350: loss 4.6070, time 860.97ms, mfu 15.33%
iter 4400: loss 4.9259, time 860.80ms, mfu 15.69%
iter 4450: loss 4.1439, time 859.48ms, mfu 16.01%
step 4500: train loss 4.4529, val loss 4.5941
saving checkpoint to /workspace/classical-training/results/seed-1337/sequenced
iter 4500: loss 5.1663, time 18787.57ms, mfu 14.50%
iter 4550: loss 5.1514, time 860.71ms, mfu 14.93%
iter 4600: loss 4.5620, time 860.05ms, mfu 15.33%
iter 4650: loss 4.4009, time 861.92ms, mfu 15.68%
iter 4700: loss 3.6951, time 861.59ms, mfu 16.00%
step 4750: train loss 4.4204, val loss 4.6007
saving checkpoint to /workspace/classical-training/results/seed-1337/sequenced
iter 4750: loss 4.7247, time 18856.44ms, mfu 14.49%
iter 4800: loss 4.4850, time 859.35ms, mfu 14.93%
iter 4850: loss 4.5333, time 861.34ms, mfu 15.32%
iter 4900: loss 4.5806, time 860.82ms, mfu 15.68%
iter 4950: loss 4.4816, time 863.54ms, mfu 15.99%
step 5000: train loss 4.4427, val loss 4.5364
saving checkpoint to /workspace/classical-training/results/seed-1337/sequenced
iter 5000: loss 4.7223, time 18487.65ms, mfu 14.48%
  Completed: Mon May 18 02:28:30 UTC 2026

============================================
[2/10] Seed 1337 (offset 0), shuffled
Start: Mon May 18 02:28:30 UTC 2026
============================================
/workspace/classical-training/nanoGPT/train.py:219: FutureWarning: `torch.cuda.amp.GradScaler(args...)` is deprecated. Please use `torch.amp.GradScaler('cuda', args...)` instead.
  scaler = torch.cuda.amp.GradScaler(enabled=(dtype == 'float16'))
============================================
Multi-seed replication run
============================================
Start: Mon May 18 04:08:32 UTC 2026
GPU: NVIDIA RTX A5000, 24564 MiB
Seeds: 1337 2024 4242 7777 9999
Conditions: sequenced, shuffled
Total runs: 10

Testing GPU memory with batch_size=32...
timeout: failed to run command ‘PYTHONUNBUFFERED=1’: No such file or directory
batch_size=32 fits.
Config: batch_size=8, gradient_accumulation_steps=4

[1/10] Seed 1337 sequenced: SKIPPING (checkpoint exists)
[2/10] Seed 1337 shuffled: SKIPPING (checkpoint exists)

============================================
[3/10] Seed 2024 (offset 687), sequenced
Start: Mon May 18 04:08:32 UTC 2026
============================================
Overriding: out_dir = /workspace/classical-training/results/seed-2024/sequenced
Overriding: dataset = classical_sequenced
Overriding: sequential_data = True
Overriding: seed_offset = 687
Overriding: batch_size = 8
Overriding: block_size = 2048
Overriding: gradient_accumulation_steps = 4
Overriding: eval_interval = 250
Overriding: eval_iters = 100
Overriding: log_interval = 50
Overriding: always_save_checkpoint = True
Overriding: wandb_log = False
Overriding: n_layer = 12
Overriding: n_head = 12
Overriding: n_embd = 768
Overriding: dropout = 0.0
Overriding: bias = True
Overriding: init_from = scratch
Overriding: max_iters = 5000
Overriding: learning_rate = 0.0003
Overriding: weight_decay = 0.1
Overriding: beta1 = 0.9
Overriding: beta2 = 0.95
Overriding: grad_clip = 1.0
Overriding: decay_lr = True
Overriding: warmup_iters = 200
Overriding: lr_decay_iters = 5000
Overriding: min_lr = 3e-05
Overriding: device = cuda
Overriding: dtype = bfloat16
Overriding: compile = False
tokens per iteration will be: 65,536
found vocab_size = 8000 (inside data/classical_sequenced/meta.pkl)
Initializing a new model from scratch
number of parameters: 91.20M
/workspace/classical-training/nanoGPT/train.py:219: FutureWarning: `torch.cuda.amp.GradScaler(args...)` is deprecated. Please use `torch.amp.GradScaler('cuda', args...)` instead.
  scaler = torch.cuda.amp.GradScaler(enabled=(dtype == 'float16'))
num decayed parameter tensors: 50, with 92,651,520 parameters
num non-decayed parameter tensors: 98, with 121,344 parameters
using fused AdamW: True
step 0: train loss 9.1542, val loss 9.1547
iter 0: loss 9.1411, time 14900.82ms, mfu -100.00%
iter 50: loss 7.0898, time 843.95ms, mfu 19.26%
iter 100: loss 5.9919, time 852.88ms, mfu 19.24%
iter 150: loss 6.1089, time 856.58ms, mfu 19.21%
iter 200: loss 6.2638, time 858.19ms, mfu 19.18%
step 250: train loss 6.2277, val loss 6.0269
saving checkpoint to /workspace/classical-training/results/seed-2024/sequenced
iter 250: loss 5.9713, time 18758.89ms, mfu 17.35%
iter 300: loss 5.3731, time 859.79ms, mfu 17.51%
iter 350: loss 5.6883, time 861.14ms, mfu 17.64%
iter 400: loss 6.7549, time 859.52ms, mfu 17.77%
iter 450: loss 5.9560, time 863.15ms, mfu 17.88%
step 500: train loss 6.0096, val loss 5.7132
saving checkpoint to /workspace/classical-training/results/seed-2024/sequenced
iter 500: loss 6.2129, time 18782.61ms, mfu 16.17%
iter 550: loss 5.6841, time 860.36ms, mfu 16.45%
iter 600: loss 5.6317, time 862.32ms, mfu 16.69%
iter 650: loss 5.6236, time 859.43ms, mfu 16.91%
iter 700: loss 4.7911, time 860.71ms, mfu 17.11%
step 750: train loss 5.4518, val loss 5.5351
saving checkpoint to /workspace/classical-training/results/seed-2024/sequenced
iter 750: loss 5.6559, time 18838.15ms, mfu 15.48%
iter 800: loss 5.3653, time 859.92ms, mfu 15.82%
iter 850: loss 4.3896, time 861.40ms, mfu 16.13%
iter 900: loss 5.0590, time 861.77ms, mfu 16.40%
iter 950: loss 5.4788, time 861.07ms, mfu 16.65%
step 1000: train loss 5.5632, val loss 5.4467
saving checkpoint to /workspace/classical-training/results/seed-2024/sequenced
iter 1000: loss 5.7243, time 18135.84ms, mfu 15.07%
iter 1050: loss 5.1903, time 861.04ms, mfu 15.45%
iter 1100: loss 6.2549, time 858.52ms, mfu 15.80%
iter 1150: loss 5.3466, time 862.88ms, mfu 16.10%
iter 1200: loss 5.2584, time 863.00ms, mfu 16.38%
step 1250: train loss 5.5552, val loss 5.4164
saving checkpoint to /workspace/classical-training/results/seed-2024/sequenced
iter 1250: loss 5.5561, time 18686.70ms, mfu 14.83%
iter 1300: loss 6.0225, time 860.20ms, mfu 15.23%
iter 1350: loss 4.5827, time 859.58ms, mfu 15.60%
iter 1400: loss 4.5501, time 860.29ms, mfu 15.93%
iter 1450: loss 5.7795, time 860.97ms, mfu 16.22%
step 1500: train loss 4.8019, val loss 5.1820
saving checkpoint to /workspace/classical-training/results/seed-2024/sequenced
iter 1500: loss 5.2956, time 18686.16ms, mfu 14.69%
iter 1550: loss 5.2122, time 861.11ms, mfu 15.11%
iter 1600: loss 4.9932, time 860.63ms, mfu 15.48%
iter 1650: loss 4.2000, time 859.75ms, mfu 15.83%
iter 1700: loss 4.9279, time 860.63ms, mfu 16.13%
step 1750: train loss 4.9361, val loss 5.1422
saving checkpoint to /workspace/classical-training/results/seed-2024/sequenced
iter 1750: loss 4.6839, time 18466.75ms, mfu 14.61%
iter 1800: loss 4.8439, time 859.38ms, mfu 15.04%
iter 1850: loss 4.8360, time 861.20ms, mfu 15.42%
iter 1900: loss 5.0206, time 860.97ms, mfu 15.77%
iter 1950: loss 5.0138, time 859.90ms, mfu 16.08%
step 2000: train loss 5.3343, val loss 5.0611
saving checkpoint to /workspace/classical-training/results/seed-2024/sequenced
iter 2000: loss 5.2579, time 18654.03ms, mfu 14.56%
iter 2050: loss 5.3312, time 860.55ms, mfu 14.99%
iter 2100: loss 5.0107, time 860.70ms, mfu 15.38%
iter 2150: loss 4.7044, time 861.57ms, mfu 15.73%
iter 2200: loss 5.0906, time 860.61ms, mfu 16.04%
step 2250: train loss 5.0812, val loss 4.9994
saving checkpoint to /workspace/classical-training/results/seed-2024/sequenced
iter 2250: loss 5.8657, time 18813.17ms, mfu 14.53%
iter 2300: loss 5.0024, time 861.10ms, mfu 14.96%
iter 2350: loss 5.1199, time 861.62ms, mfu 15.35%
iter 2400: loss 4.7255, time 862.82ms, mfu 15.70%
iter 2450: loss 4.0705, time 863.67ms, mfu 16.01%
step 2500: train loss 4.9602, val loss 4.9646
saving checkpoint to /workspace/classical-training/results/seed-2024/sequenced
iter 2500: loss 5.1268, time 18974.83ms, mfu 14.50%
iter 2550: loss 3.7592, time 861.15ms, mfu 14.93%
iter 2600: loss 4.7588, time 861.70ms, mfu 15.33%
iter 2650: loss 5.3370, time 861.71ms, mfu 15.68%
iter 2700: loss 5.0427, time 862.37ms, mfu 16.00%
step 2750: train loss 4.8528, val loss 4.9003
saving checkpoint to /workspace/classical-training/results/seed-2024/sequenced
iter 2750: loss 4.8731, time 19080.84ms, mfu 14.48%
iter 2800: loss 5.0374, time 860.57ms, mfu 14.92%
iter 2850: loss 4.1662, time 860.94ms, mfu 15.32%
iter 2900: loss 4.9855, time 860.55ms, mfu 15.67%
iter 2950: loss 4.8410, time 860.53ms, mfu 16.00%
step 3000: train loss 4.8233, val loss 4.7981
saving checkpoint to /workspace/classical-training/results/seed-2024/sequenced
iter 3000: loss 4.8717, time 18593.36ms, mfu 14.48%
iter 3050: loss 4.1182, time 860.43ms, mfu 14.92%
iter 3100: loss 4.8324, time 861.01ms, mfu 15.32%
iter 3150: loss 4.8864, time 860.46ms, mfu 15.68%
iter 3200: loss 5.0139, time 860.94ms, mfu 16.00%
step 3250: train loss 4.4173, val loss 4.7771
saving checkpoint to /workspace/classical-training/results/seed-2024/sequenced
iter 3250: loss 4.9861, time 18763.73ms, mfu 14.48%
iter 3300: loss 5.1416, time 859.45ms, mfu 14.93%
iter 3350: loss 3.6418, time 863.44ms, mfu 15.31%
iter 3400: loss 4.5062, time 860.83ms, mfu 15.67%
iter 3450: loss 4.5507, time 861.38ms, mfu 15.99%
step 3500: train loss 4.2716, val loss 4.7688
saving checkpoint to /workspace/classical-training/results/seed-2024/sequenced
iter 3500: loss 3.8262, time 18772.92ms, mfu 14.48%
iter 3550: loss 4.6256, time 860.02ms, mfu 14.92%
iter 3600: loss 5.0704, time 860.30ms, mfu 15.32%
iter 3650: loss 4.3696, time 861.12ms, mfu 15.67%
iter 3700: loss 4.0044, time 856.47ms, mfu 16.00%
step 3750: train loss 4.5512, val loss 4.6660
saving checkpoint to /workspace/classical-training/results/seed-2024/sequenced
iter 3750: loss 4.4178, time 18770.19ms, mfu 14.49%
iter 3800: loss 4.6176, time 858.00ms, mfu 14.93%
iter 3850: loss 5.3330, time 859.68ms, mfu 15.33%
iter 3900: loss 5.5167, time 861.27ms, mfu 15.69%
iter 3950: loss 4.7603, time 859.11ms, mfu 16.01%
step 4000: train loss 4.5525, val loss 4.6539
saving checkpoint to /workspace/classical-training/results/seed-2024/sequenced
iter 4000: loss 4.1496, time 18585.79ms, mfu 14.49%
iter 4050: loss 4.7465, time 860.45ms, mfu 14.93%
iter 4100: loss 4.4498, time 860.48ms, mfu 15.33%
iter 4150: loss 3.7160, time 861.15ms, mfu 15.68%
iter 4200: loss 4.5652, time 860.28ms, mfu 16.00%
step 4250: train loss 4.4822, val loss 4.6295
saving checkpoint to /workspace/classical-training/results/seed-2024/sequenced
iter 4250: loss 4.4262, time 18300.19ms, mfu 14.49%
iter 4300: loss 3.7578, time 859.93ms, mfu 14.93%
iter 4350: loss 4.6020, time 861.14ms, mfu 15.33%
iter 4400: loss 4.9360, time 861.07ms, mfu 15.68%
iter 4450: loss 4.1454, time 860.69ms, mfu 16.00%
step 4500: train loss 4.4561, val loss 4.6007
saving checkpoint to /workspace/classical-training/results/seed-2024/sequenced
iter 4500: loss 5.1672, time 18751.59ms, mfu 14.49%
iter 4550: loss 5.1529, time 859.96ms, mfu 14.93%
iter 4600: loss 4.5611, time 859.59ms, mfu 15.33%
iter 4650: loss 4.4083, time 859.21ms, mfu 15.69%
iter 4700: loss 3.7055, time 859.13ms, mfu 16.01%
step 4750: train loss 4.4165, val loss 4.5968
saving checkpoint to /workspace/classical-training/results/seed-2024/sequenced
iter 4750: loss 4.6931, time 18232.25ms, mfu 14.50%
iter 4800: loss 4.4998, time 860.63ms, mfu 14.94%
iter 4850: loss 4.5451, time 859.70ms, mfu 15.33%
iter 4900: loss 4.5883, time 860.58ms, mfu 15.69%
iter 4950: loss 4.4900, time 860.99ms, mfu 16.01%
step 5000: train loss 4.4475, val loss 4.5522
saving checkpoint to /workspace/classical-training/results/seed-2024/sequenced
iter 5000: loss 4.7268, time 19044.51ms, mfu 14.49%
step 0: train loss 9.1542, val loss 9.1547
step 250: train loss 6.2277, val loss 6.0269
step 500: train loss 6.0096, val loss 5.7132
step 750: train loss 5.4518, val loss 5.5351
step 1000: train loss 5.5632, val loss 5.4467
step 1250: train loss 5.5552, val loss 5.4164
step 1500: train loss 4.8019, val loss 5.1820
step 1750: train loss 4.9361, val loss 5.1422
step 2000: train loss 5.3343, val loss 5.0611
step 2250: train loss 5.0812, val loss 4.9994
step 2500: train loss 4.9602, val loss 4.9646
step 2750: train loss 4.8528, val loss 4.9003
step 3000: train loss 4.8233, val loss 4.7981
step 3250: train loss 4.4173, val loss 4.7771
step 3500: train loss 4.2716, val loss 4.7688
step 3750: train loss 4.5512, val loss 4.6660
step 4000: train loss 4.5525, val loss 4.6539
step 4250: train loss 4.4822, val loss 4.6295
step 4500: train loss 4.4561, val loss 4.6007
step 4750: train loss 4.4165, val loss 4.5968
step 5000: train loss 4.4475, val loss 4.5522
  Completed: Mon May 18 05:26:28 UTC 2026

============================================
[4/10] Seed 2024 (offset 687), shuffled
Start: Mon May 18 05:26:28 UTC 2026
============================================
Overriding: out_dir = /workspace/classical-training/results/seed-2024/shuffled
Overriding: dataset = classical_shuffled
Overriding: sequential_data = False
Overriding: seed_offset = 687
Overriding: batch_size = 8
Overriding: block_size = 2048
Overriding: gradient_accumulation_steps = 4
Overriding: eval_interval = 250
Overriding: eval_iters = 100
Overriding: log_interval = 50
Overriding: always_save_checkpoint = True
Overriding: wandb_log = False
Overriding: n_layer = 12
Overriding: n_head = 12
Overriding: n_embd = 768
Overriding: dropout = 0.0
Overriding: bias = True
Overriding: init_from = scratch
Overriding: max_iters = 5000
Overriding: learning_rate = 0.0003
Overriding: weight_decay = 0.1
Overriding: beta1 = 0.9
Overriding: beta2 = 0.95
Overriding: grad_clip = 1.0
Overriding: decay_lr = True
Overriding: warmup_iters = 200
Overriding: lr_decay_iters = 5000
Overriding: min_lr = 3e-05
Overriding: device = cuda
Overriding: dtype = bfloat16
Overriding: compile = False
tokens per iteration will be: 65,536
found vocab_size = 8000 (inside data/classical_shuffled/meta.pkl)
Initializing a new model from scratch
number of parameters: 91.20M
/workspace/classical-training/nanoGPT/train.py:219: FutureWarning: `torch.cuda.amp.GradScaler(args...)` is deprecated. Please use `torch.amp.GradScaler('cuda', args...)` instead.
  scaler = torch.cuda.amp.GradScaler(enabled=(dtype == 'float16'))
num decayed parameter tensors: 50, with 92,651,520 parameters
num non-decayed parameter tensors: 98, with 121,344 parameters
using fused AdamW: True
step 0: train loss 9.1550, val loss 9.1556
iter 0: loss 9.1678, time 16223.19ms, mfu -100.00%
iter 50: loss 6.7722, time 853.49ms, mfu 19.04%
iter 100: loss 5.5772, time 856.50ms, mfu 19.03%
iter 150: loss 5.3292, time 858.86ms, mfu 19.02%
iter 200: loss 4.9963, time 860.33ms, mfu 19.01%
step 250: train loss 5.0777, val loss 5.0523
saving checkpoint to /workspace/classical-training/results/seed-2024/shuffled
iter 250: loss 5.1554, time 18765.62ms, mfu 17.20%
iter 300: loss 4.9849, time 857.16ms, mfu 17.37%
iter 350: loss 4.7938, time 859.96ms, mfu 17.52%
iter 400: loss 4.6607, time 858.71ms, mfu 17.66%
iter 450: loss 4.6122, time 860.38ms, mfu 17.79%
step 500: train loss 4.5633, val loss 4.5269
saving checkpoint to /workspace/classical-training/results/seed-2024/shuffled
iter 500: loss 4.7124, time 18318.73ms, mfu 16.10%
iter 550: loss 4.6201, time 857.33ms, mfu 16.38%
iter 600: loss 4.0199, time 859.04ms, mfu 16.64%
iter 650: loss 4.2519, time 857.40ms, mfu 16.87%
iter 700: loss 4.3987, time 858.28ms, mfu 17.07%
step 750: train loss 4.0896, val loss 4.1049
saving checkpoint to /workspace/classical-training/results/seed-2024/shuffled
iter 750: loss 4.0722, time 18412.81ms, mfu 15.46%
iter 800: loss 3.8384, time 856.73ms, mfu 15.81%
iter 850: loss 3.5824, time 856.73ms, mfu 16.12%
iter 900: loss 4.2002, time 858.26ms, mfu 16.40%
iter 950: loss 3.9361, time 856.70ms, mfu 16.66%
step 1000: train loss 3.8168, val loss 3.8351
saving checkpoint to /workspace/classical-training/results/seed-2024/shuffled
iter 1000: loss 3.4014, time 116265.01ms, mfu 15.01%
iter 1050: loss 3.9439, time 843.81ms, mfu 15.43%
iter 1100: loss 3.7123, time 851.09ms, mfu 15.80%
iter 1150: loss 3.1364, time 856.50ms, mfu 16.12%
iter 1200: loss 3.1314, time 856.38ms, mfu 16.40%
step 1250: train loss 3.5816, val loss 3.6772
saving checkpoint to /workspace/classical-training/results/seed-2024/shuffled
iter 1250: loss 3.3316, time 18648.22ms, mfu 14.85%
iter 1300: loss 3.6382, time 855.58ms, mfu 15.26%
iter 1350: loss 3.3029, time 858.31ms, mfu 15.63%
iter 1400: loss 3.5343, time 859.61ms, mfu 15.96%
iter 1450: loss 3.3808, time 857.09ms, mfu 16.26%
step 1500: train loss 3.3809, val loss 3.5400
saving checkpoint to /workspace/classical-training/results/seed-2024/shuffled
iter 1500: loss 3.6975, time 18772.29ms, mfu 14.72%
iter 1550: loss 2.7756, time 855.67ms, mfu 15.15%
iter 1600: loss 2.8998, time 857.04ms, mfu 15.53%
iter 1650: loss 3.6440, time 856.74ms, mfu 15.87%
iter 1700: loss 3.4170, time 858.10ms, mfu 16.18%
step 1750: train loss 3.2378, val loss 3.4811
saving checkpoint to /workspace/classical-training/results/seed-2024/shuffled
iter 1750: loss 3.3743, time 18624.36ms, mfu 14.65%
iter 1800: loss 3.1566, time 860.56ms, mfu 15.07%
iter 1850: loss 3.5640, time 858.55ms, mfu 15.46%
iter 1900: loss 2.8513, time 860.16ms, mfu 15.80%
iter 1950: loss 3.1044, time 859.52ms, mfu 16.11%
step 2000: train loss 3.1149, val loss 3.4039
saving checkpoint to /workspace/classical-training/results/seed-2024/shuffled
iter 2000: loss 2.6529, time 18667.91ms, mfu 14.59%
iter 2050: loss 2.9673, time 858.26ms, mfu 15.02%
iter 2100: loss 2.6353, time 857.58ms, mfu 15.42%
iter 2150: loss 3.2178, time 855.96ms, mfu 15.77%
iter 2200: loss 3.3944, time 861.45ms, mfu 16.08%
step 2250: train loss 2.9594, val loss 3.3355
saving checkpoint to /workspace/classical-training/results/seed-2024/shuffled
iter 2250: loss 3.2871, time 18842.96ms, mfu 14.56%
iter 2300: loss 3.0018, time 856.48ms, mfu 15.00%
iter 2350: loss 3.2679, time 856.68ms, mfu 15.40%
iter 2400: loss 3.2204, time 859.01ms, mfu 15.75%
iter 2450: loss 3.0108, time 858.10ms, mfu 16.07%
step 2500: train loss 2.8368, val loss 3.3503
saving checkpoint to /workspace/classical-training/results/seed-2024/shuffled
iter 2500: loss 2.9674, time 18577.60ms, mfu 14.55%
iter 2550: loss 3.0635, time 855.55ms, mfu 14.99%
iter 2600: loss 2.6349, time 801.28ms, mfu 15.52%
iter 2650: loss 2.9197, time 857.98ms, mfu 15.86%
iter 2700: loss 3.1529, time 857.27ms, mfu 16.17%
step 2750: train loss 2.7697, val loss 3.3302
saving checkpoint to /workspace/classical-training/results/seed-2024/shuffled
iter 2750: loss 2.8513, time 18171.26ms, mfu 14.65%
iter 2800: loss 2.6558, time 857.37ms, mfu 15.08%
iter 2850: loss 2.6846, time 857.52ms, mfu 15.46%
iter 2900: loss 2.5586, time 861.78ms, mfu 15.80%
iter 2950: loss 2.7766, time 860.55ms, mfu 16.11%
step 3000: train loss 2.6150, val loss 3.3614
saving checkpoint to /workspace/classical-training/results/seed-2024/shuffled
iter 3000: loss 2.6224, time 18273.56ms, mfu 14.59%
iter 3050: loss 2.6477, time 856.97ms, mfu 15.03%
iter 3100: loss 2.5399, time 855.87ms, mfu 15.42%
iter 3150: loss 2.3997, time 857.27ms, mfu 15.78%
iter 3200: loss 2.6971, time 856.72ms, mfu 16.10%
step 3250: train loss 2.5240, val loss 3.3045
saving checkpoint to /workspace/classical-training/results/seed-2024/shuffled
iter 3250: loss 2.4965, time 18347.71ms, mfu 14.57%
iter 3300: loss 2.8235, time 855.18ms, mfu 15.02%
iter 3350: loss 2.7877, time 855.44ms, mfu 15.42%
iter 3400: loss 2.3595, time 856.37ms, mfu 15.77%
iter 3450: loss 2.5649, time 857.83ms, mfu 16.09%
step 3500: train loss 2.3884, val loss 3.3832
saving checkpoint to /workspace/classical-training/results/seed-2024/shuffled
iter 3500: loss 2.8219, time 18358.22ms, mfu 14.57%
iter 3550: loss 2.6055, time 855.22ms, mfu 15.01%
iter 3600: loss 2.4095, time 857.72ms, mfu 15.41%
iter 3650: loss 2.5168, time 859.77ms, mfu 15.76%
iter 3700: loss 2.4122, time 858.42ms, mfu 16.07%
step 3750: train loss 2.3162, val loss 3.3977
saving checkpoint to /workspace/classical-training/results/seed-2024/shuffled
iter 3750: loss 2.3159, time 18533.22ms, mfu 14.55%
iter 3800: loss 2.5523, time 858.19ms, mfu 14.99%
iter 3850: loss 2.0975, time 858.12ms, mfu 15.39%
iter 3900: loss 2.3939, time 857.40ms, mfu 15.74%
iter 3950: loss 2.4738, time 859.34ms, mfu 16.06%
step 4000: train loss 2.2544, val loss 3.4287
saving checkpoint to /workspace/classical-training/results/seed-2024/shuffled
iter 4000: loss 2.4881, time 18483.81ms, mfu 14.54%
iter 4050: loss 2.1436, time 857.57ms, mfu 14.98%
iter 4100: loss 2.4180, time 859.04ms, mfu 15.38%
iter 4150: loss 2.5580, time 858.05ms, mfu 15.73%
iter 4200: loss 2.0460, time 859.35ms, mfu 16.05%
step 4250: train loss 2.1647, val loss 3.5236
saving checkpoint to /workspace/classical-training/results/seed-2024/shuffled
iter 4250: loss 2.1804, time 18074.60ms, mfu 14.54%
iter 4300: loss 2.4220, time 859.36ms, mfu 14.97%
iter 4350: loss 1.9505, time 857.45ms, mfu 15.37%
iter 4400: loss 2.1241, time 858.49ms, mfu 15.73%
iter 4450: loss 2.2043, time 857.24ms, mfu 16.05%
step 4500: train loss 2.0805, val loss 3.4795
saving checkpoint to /workspace/classical-training/results/seed-2024/shuffled
iter 4500: loss 1.5337, time 18331.68ms, mfu 14.53%
iter 4550: loss 2.1374, time 856.64ms, mfu 14.98%
iter 4600: loss 1.8046, time 857.25ms, mfu 15.38%
iter 4650: loss 2.1887, time 857.28ms, mfu 15.73%
iter 4700: loss 1.8874, time 858.63ms, mfu 16.05%
step 4750: train loss 2.0936, val loss 3.5523
saving checkpoint to /workspace/classical-training/results/seed-2024/shuffled
iter 4750: loss 1.8117, time 18422.15ms, mfu 14.54%
iter 4800: loss 2.0801, time 854.83ms, mfu 14.98%
iter 4850: loss 2.0255, time 856.70ms, mfu 15.38%
iter 4900: loss 1.6707, time 856.92ms, mfu 15.74%
iter 4950: loss 2.1066, time 855.78ms, mfu 16.07%
step 5000: train loss 1.9998, val loss 3.5523
saving checkpoint to /workspace/classical-training/results/seed-2024/shuffled
iter 5000: loss 1.9596, time 18655.06ms, mfu 14.55%
step 0: train loss 9.1550, val loss 9.1556
step 250: train loss 5.0777, val loss 5.0523
step 500: train loss 4.5633, val loss 4.5269
step 750: train loss 4.0896, val loss 4.1049
step 1000: train loss 3.8168, val loss 3.8351
step 1250: train loss 3.5816, val loss 3.6772
step 1500: train loss 3.3809, val loss 3.5400
step 1750: train loss 3.2378, val loss 3.4811
step 2000: train loss 3.1149, val loss 3.4039
step 2250: train loss 2.9594, val loss 3.3355
step 2500: train loss 2.8368, val loss 3.3503
step 2750: train loss 2.7697, val loss 3.3302
step 3000: train loss 2.6150, val loss 3.3614
step 3250: train loss 2.5240, val loss 3.3045
step 3500: train loss 2.3884, val loss 3.3832
step 3750: train loss 2.3162, val loss 3.3977
step 4000: train loss 2.2544, val loss 3.4287
step 4250: train loss 2.1647, val loss 3.5236
step 4500: train loss 2.0805, val loss 3.4795
step 4750: train loss 2.0936, val loss 3.5523
step 5000: train loss 1.9998, val loss 3.5523
  Completed: Mon May 18 06:45:47 UTC 2026

============================================
[5/10] Seed 4242 (offset 2905), sequenced
Start: Mon May 18 06:45:47 UTC 2026
============================================
Overriding: out_dir = /workspace/classical-training/results/seed-4242/sequenced
Overriding: dataset = classical_sequenced
Overriding: sequential_data = True
Overriding: seed_offset = 2905
Overriding: batch_size = 8
Overriding: block_size = 2048
Overriding: gradient_accumulation_steps = 4
Overriding: eval_interval = 250
Overriding: eval_iters = 100
Overriding: log_interval = 50
Overriding: always_save_checkpoint = True
Overriding: wandb_log = False
Overriding: n_layer = 12
Overriding: n_head = 12
Overriding: n_embd = 768
Overriding: dropout = 0.0
Overriding: bias = True
Overriding: init_from = scratch
Overriding: max_iters = 5000
Overriding: learning_rate = 0.0003
Overriding: weight_decay = 0.1
Overriding: beta1 = 0.9
Overriding: beta2 = 0.95
Overriding: grad_clip = 1.0
Overriding: decay_lr = True
Overriding: warmup_iters = 200
Overriding: lr_decay_iters = 5000
Overriding: min_lr = 3e-05
Overriding: device = cuda
Overriding: dtype = bfloat16
Overriding: compile = False
tokens per iteration will be: 65,536
found vocab_size = 8000 (inside data/classical_sequenced/meta.pkl)
Initializing a new model from scratch
number of parameters: 91.20M
/workspace/classical-training/nanoGPT/train.py:219: FutureWarning: `torch.cuda.amp.GradScaler(args...)` is deprecated. Please use `torch.amp.GradScaler('cuda', args...)` instead.
  scaler = torch.cuda.amp.GradScaler(enabled=(dtype == 'float16'))
num decayed parameter tensors: 50, with 92,651,520 parameters
num non-decayed parameter tensors: 98, with 121,344 parameters
using fused AdamW: True
step 0: train loss 9.1542, val loss 9.1547
iter 0: loss 9.1411, time 15293.45ms, mfu -100.00%
iter 50: loss 7.0899, time 854.33ms, mfu 19.02%
iter 100: loss 5.9918, time 855.82ms, mfu 19.02%
iter 150: loss 6.1086, time 854.83ms, mfu 19.02%
iter 200: loss 6.2693, time 856.04ms, mfu 19.02%
step 250: train loss 6.2308, val loss 6.0298
saving checkpoint to /workspace/classical-training/results/seed-4242/sequenced
iter 250: loss 5.9727, time 18811.59ms, mfu 17.20%
iter 300: loss 5.3661, time 856.15ms, mfu 17.38%
iter 350: loss 5.6815, time 859.99ms, mfu 17.53%
iter 400: loss 6.7573, time 857.84ms, mfu 17.67%
iter 450: loss 5.9589, time 858.45ms, mfu 17.80%
step 500: train loss 6.0009, val loss 5.7090
saving checkpoint to /workspace/classical-training/results/seed-4242/sequenced
iter 500: loss 6.2119, time 18465.13ms, mfu 16.11%
iter 550: loss 5.7030, time 857.02ms, mfu 16.39%
iter 600: loss 5.6462, time 859.39ms, mfu 16.64%
iter 650: loss 5.6203, time 859.00ms, mfu 16.87%
iter 700: loss 4.7845, time 857.20ms, mfu 17.08%
step 750: train loss 5.4428, val loss 5.5288
saving checkpoint to /workspace/classical-training/results/seed-4242/sequenced
iter 750: loss 5.6599, time 19045.08ms, mfu 15.46%
iter 800: loss 5.3327, time 856.56ms, mfu 15.81%
iter 850: loss 4.4113, time 859.69ms, mfu 16.12%
iter 900: loss 5.0556, time 858.59ms, mfu 16.40%
iter 950: loss 5.4717, time 859.72ms, mfu 16.65%
step 1000: train loss 5.5387, val loss 5.4354
saving checkpoint to /workspace/classical-training/results/seed-4242/sequenced
iter 1000: loss 5.7127, time 18574.83ms, mfu 15.07%
iter 1050: loss 5.1774, time 861.96ms, mfu 15.45%
iter 1100: loss 6.2721, time 858.05ms, mfu 15.80%
iter 1150: loss 5.3612, time 861.83ms, mfu 16.11%
iter 1200: loss 5.2686, time 860.82ms, mfu 16.38%
step 1250: train loss 5.5410, val loss 5.4046
saving checkpoint to /workspace/classical-training/results/seed-4242/sequenced
iter 1250: loss 5.5211, time 18565.09ms, mfu 14.83%
iter 1300: loss 6.0291, time 863.22ms, mfu 15.23%
iter 1350: loss 4.5690, time 859.18ms, mfu 15.60%
iter 1400: loss 4.5417, time 861.61ms, mfu 15.93%
iter 1450: loss 5.7332, time 862.42ms, mfu 16.22%
step 1500: train loss 4.8142, val loss 5.1793
saving checkpoint to /workspace/classical-training/results/seed-4242/sequenced
iter 1500: loss 5.2934, time 18435.06ms, mfu 14.68%
iter 1550: loss 5.2062, time 858.59ms, mfu 15.11%
iter 1600: loss 5.0150, time 861.45ms, mfu 15.48%
iter 1650: loss 4.2057, time 860.53ms, mfu 15.82%
iter 1700: loss 4.9281, time 860.13ms, mfu 16.13%
step 1750: train loss 4.9534, val loss 5.1454
saving checkpoint to /workspace/classical-training/results/seed-4242/sequenced
iter 1750: loss 4.6725, time 18571.08ms, mfu 14.61%
iter 1800: loss 4.8376, time 857.71ms, mfu 15.04%
iter 1850: loss 4.8413, time 859.97ms, mfu 15.43%
iter 1900: loss 5.0130, time 860.91ms, mfu 15.77%
iter 1950: loss 5.0072, time 860.91ms, mfu 16.08%
step 2000: train loss 5.3339, val loss 5.0612
saving checkpoint to /workspace/classical-training/results/seed-4242/sequenced
iter 2000: loss 5.2602, time 18603.57ms, mfu 14.56%
iter 2050: loss 5.3273, time 860.85ms, mfu 14.99%
iter 2100: loss 5.0118, time 860.93ms, mfu 15.38%
iter 2150: loss 4.6902, time 861.60ms, mfu 15.73%
iter 2200: loss 5.0726, time 860.25ms, mfu 16.05%
step 2250: train loss 5.0814, val loss 4.9968
saving checkpoint to /workspace/classical-training/results/seed-4242/sequenced
iter 2250: loss 5.8806, time 18739.41ms, mfu 14.53%
iter 2300: loss 4.9851, time 860.55ms, mfu 14.96%
iter 2350: loss 5.1124, time 860.83ms, mfu 15.35%
iter 2400: loss 4.6994, time 858.70ms, mfu 15.71%
iter 2450: loss 4.0575, time 858.54ms, mfu 16.03%
step 2500: train loss 4.9570, val loss 4.9558
saving checkpoint to /workspace/classical-training/results/seed-4242/sequenced
iter 2500: loss 5.0987, time 18491.55ms, mfu 14.52%
iter 2550: loss 3.7461, time 859.21ms, mfu 14.96%
iter 2600: loss 4.7490, time 860.48ms, mfu 15.35%
iter 2650: loss 5.3133, time 861.13ms, mfu 15.70%
iter 2700: loss 5.0357, time 861.56ms, mfu 16.02%
step 2750: train loss 4.8331, val loss 4.8738
saving checkpoint to /workspace/classical-training/results/seed-4242/sequenced
iter 2750: loss 4.8446, time 18558.41ms, mfu 14.50%
iter 2800: loss 5.0226, time 859.34ms, mfu 14.95%
iter 2850: loss 4.1448, time 861.04ms, mfu 15.34%
iter 2900: loss 4.9724, time 859.68ms, mfu 15.69%
iter 2950: loss 4.8199, time 859.95ms, mfu 16.02%
step 3000: train loss 4.8234, val loss 4.7937
saving checkpoint to /workspace/classical-training/results/seed-4242/sequenced
iter 3000: loss 4.8552, time 18530.07ms, mfu 14.50%
iter 3050: loss 4.1070, time 859.86ms, mfu 14.94%
iter 3100: loss 4.8225, time 859.44ms, mfu 15.34%
iter 3150: loss 4.8871, time 859.51ms, mfu 15.69%
iter 3200: loss 5.0183, time 856.00ms, mfu 16.02%
step 3250: train loss 4.4171, val loss 4.7807
saving checkpoint to /workspace/classical-training/results/seed-4242/sequenced
iter 3250: loss 5.0172, time 18457.02ms, mfu 14.51%
iter 3300: loss 5.1456, time 860.03ms, mfu 14.95%
iter 3350: loss 3.6471, time 859.92ms, mfu 15.34%
iter 3400: loss 4.5088, time 862.84ms, mfu 15.69%
iter 3450: loss 4.5796, time 859.95ms, mfu 16.01%
step 3500: train loss 4.2816, val loss 4.7814
saving checkpoint to /workspace/classical-training/results/seed-4242/sequenced
iter 3500: loss 3.8578, time 18753.49ms, mfu 14.50%
iter 3550: loss 4.6171, time 860.90ms, mfu 14.94%
iter 3600: loss 5.0528, time 859.14ms, mfu 15.33%
iter 3650: loss 4.3492, time 861.69ms, mfu 15.69%
iter 3700: loss 4.0045, time 859.45ms, mfu 16.01%
step 3750: train loss 4.5569, val loss 4.6654
saving checkpoint to /workspace/classical-training/results/seed-4242/sequenced
iter 3750: loss 4.4133, time 18426.47ms, mfu 14.50%
iter 3800: loss 4.6351, time 860.29ms, mfu 14.94%
iter 3850: loss 5.2832, time 860.17ms, mfu 15.33%
iter 3900: loss 5.5308, time 861.80ms, mfu 15.68%
iter 3950: loss 4.7600, time 860.93ms, mfu 16.00%
step 4000: train loss 4.5491, val loss 4.6466
saving checkpoint to /workspace/classical-training/results/seed-4242/sequenced
iter 4000: loss 4.1290, time 18541.01ms, mfu 14.49%
iter 4050: loss 4.7167, time 859.35ms, mfu 14.93%
iter 4100: loss 4.4492, time 859.36ms, mfu 15.33%
iter 4150: loss 3.7154, time 861.49ms, mfu 15.68%
iter 4200: loss 4.5596, time 859.72ms, mfu 16.01%
step 4250: train loss 4.5020, val loss 4.6453
saving checkpoint to /workspace/classical-training/results/seed-4242/sequenced
iter 4250: loss 4.4131, time 18492.09ms, mfu 14.49%
iter 4300: loss 3.7497, time 860.38ms, mfu 14.93%
iter 4350: loss 4.6047, time 860.45ms, mfu 15.33%
iter 4400: loss 4.9371, time 859.00ms, mfu 15.69%
iter 4450: loss 4.1424, time 860.52ms, mfu 16.01%
step 4500: train loss 4.4661, val loss 4.6051
saving checkpoint to /workspace/classical-training/results/seed-4242/sequenced
iter 4500: loss 5.1657, time 18404.88ms, mfu 14.49%
iter 4550: loss 5.1547, time 857.13ms, mfu 14.94%
iter 4600: loss 4.5540, time 859.65ms, mfu 15.34%
iter 4650: loss 4.4032, time 857.82ms, mfu 15.70%
iter 4700: loss 3.7120, time 859.90ms, mfu 16.02%
step 4750: train loss 4.4254, val loss 4.6063
saving checkpoint to /workspace/classical-training/results/seed-4242/sequenced
iter 4750: loss 4.7032, time 18609.17ms, mfu 14.50%
iter 4800: loss 4.4963, time 857.82ms, mfu 14.95%
iter 4850: loss 4.5643, time 858.14ms, mfu 15.35%
iter 4900: loss 4.5867, time 860.54ms, mfu 15.70%
iter 4950: loss 4.4822, time 861.50ms, mfu 16.02%
step 5000: train loss 4.4534, val loss 4.5535
saving checkpoint to /workspace/classical-training/results/seed-4242/sequenced
iter 5000: loss 4.7251, time 18540.63ms, mfu 14.50%
step 0: train loss 9.1542, val loss 9.1547
step 250: train loss 6.2308, val loss 6.0298
step 500: train loss 6.0009, val loss 5.7090
step 750: train loss 5.4428, val loss 5.5288
step 1000: train loss 5.5387, val loss 5.4354
step 1250: train loss 5.5410, val loss 5.4046
step 1500: train loss 4.8142, val loss 5.1793
step 1750: train loss 4.9534, val loss 5.1454
step 2000: train loss 5.3339, val loss 5.0612
step 2250: train loss 5.0814, val loss 4.9968
step 2500: train loss 4.9570, val loss 4.9558
step 2750: train loss 4.8331, val loss 4.8738
step 3000: train loss 4.8234, val loss 4.7937
step 3250: train loss 4.4171, val loss 4.7807
step 3500: train loss 4.2816, val loss 4.7814
step 3750: train loss 4.5569, val loss 4.6654
step 4000: train loss 4.5491, val loss 4.6466
step 4250: train loss 4.5020, val loss 4.6453
step 4500: train loss 4.4661, val loss 4.6051
step 4750: train loss 4.4254, val loss 4.6063
step 5000: train loss 4.4534, val loss 4.5535
  Completed: Mon May 18 08:03:38 UTC 2026

============================================
[6/10] Seed 4242 (offset 2905), shuffled
Start: Mon May 18 08:03:38 UTC 2026
============================================
Overriding: out_dir = /workspace/classical-training/results/seed-4242/shuffled
Overriding: dataset = classical_shuffled
Overriding: sequential_data = False
Overriding: seed_offset = 2905
Overriding: batch_size = 8
Overriding: block_size = 2048
Overriding: gradient_accumulation_steps = 4
Overriding: eval_interval = 250
Overriding: eval_iters = 100
Overriding: log_interval = 50
Overriding: always_save_checkpoint = True
Overriding: wandb_log = False
Overriding: n_layer = 12
Overriding: n_head = 12
Overriding: n_embd = 768
Overriding: dropout = 0.0
Overriding: bias = True
Overriding: init_from = scratch
Overriding: max_iters = 5000
Overriding: learning_rate = 0.0003
Overriding: weight_decay = 0.1
Overriding: beta1 = 0.9
Overriding: beta2 = 0.95
Overriding: grad_clip = 1.0
Overriding: decay_lr = True
Overriding: warmup_iters = 200
Overriding: lr_decay_iters = 5000
Overriding: min_lr = 3e-05
Overriding: device = cuda
Overriding: dtype = bfloat16
Overriding: compile = False
tokens per iteration will be: 65,536
found vocab_size = 8000 (inside data/classical_shuffled/meta.pkl)
Initializing a new model from scratch
number of parameters: 91.20M
/workspace/classical-training/nanoGPT/train.py:219: FutureWarning: `torch.cuda.amp.GradScaler(args...)` is deprecated. Please use `torch.amp.GradScaler('cuda', args...)` instead.
  scaler = torch.cuda.amp.GradScaler(enabled=(dtype == 'float16'))
num decayed parameter tensors: 50, with 92,651,520 parameters
num non-decayed parameter tensors: 98, with 121,344 parameters
using fused AdamW: True
step 0: train loss 9.1550, val loss 9.1556
iter 0: loss 9.1678, time 16188.42ms, mfu -100.00%
iter 50: loss 6.7724, time 851.92ms, mfu 19.08%
iter 100: loss 5.5787, time 859.26ms, mfu 19.06%
iter 150: loss 5.3267, time 857.86ms, mfu 19.05%
iter 200: loss 4.9895, time 860.49ms, mfu 19.03%
step 250: train loss 5.0744, val loss 5.0500
saving checkpoint to /workspace/classical-training/results/seed-4242/shuffled
iter 250: loss 5.1504, time 18775.38ms, mfu 17.22%
iter 300: loss 4.9777, time 858.40ms, mfu 17.39%
iter 350: loss 4.7887, time 858.27ms, mfu 17.54%
iter 400: loss 4.6624, time 856.76ms, mfu 17.68%
iter 450: loss 4.6127, time 857.59ms, mfu 17.81%
step 500: train loss 4.5635, val loss 4.5266
saving checkpoint to /workspace/classical-training/results/seed-4242/shuffled
iter 500: loss 4.7146, time 18319.58ms, mfu 16.12%
iter 550: loss 4.6133, time 855.81ms, mfu 16.41%
iter 600: loss 4.0283, time 856.65ms, mfu 16.66%
iter 650: loss 4.2572, time 857.36ms, mfu 16.89%
iter 700: loss 4.4045, time 857.27ms, mfu 17.10%
step 750: train loss 4.0911, val loss 4.1056
saving checkpoint to /workspace/classical-training/results/seed-4242/shuffled
iter 750: loss 4.0748, time 18616.01ms, mfu 15.48%
iter 800: loss 3.8407, time 856.83ms, mfu 15.82%
iter 850: loss 3.5904, time 858.00ms, mfu 16.14%
iter 900: loss 4.1911, time 858.07ms, mfu 16.42%
iter 950: loss 3.9345, time 857.91ms, mfu 16.67%
step 1000: train loss 3.8133, val loss 3.8326
saving checkpoint to /workspace/classical-training/results/seed-4242/shuffled
iter 1000: loss 3.3958, time 18486.64ms, mfu 15.09%
iter 1050: loss 3.9379, time 856.68ms, mfu 15.48%
iter 1100: loss 3.7144, time 857.10ms, mfu 15.83%
iter 1150: loss 3.1401, time 858.65ms, mfu 16.14%
iter 1200: loss 3.1272, time 858.78ms, mfu 16.42%
step 1250: train loss 3.5785, val loss 3.6764
saving checkpoint to /workspace/classical-training/results/seed-4242/shuffled
iter 1250: loss 3.3250, time 18868.67ms, mfu 14.86%
iter 1300: loss 3.6304, time 857.23ms, mfu 15.27%
iter 1350: loss 3.2998, time 857.79ms, mfu 15.64%
iter 1400: loss 3.5406, time 858.59ms, mfu 15.97%
iter 1450: loss 3.3768, time 857.66ms, mfu 16.26%
step 1500: train loss 3.3808, val loss 3.5393
saving checkpoint to /workspace/classical-training/results/seed-4242/shuffled
iter 1500: loss 3.6833, time 18648.42ms, mfu 14.73%
iter 1550: loss 2.7725, time 858.25ms, mfu 15.15%
iter 1600: loss 2.9074, time 857.37ms, mfu 15.53%
iter 1650: loss 3.6392, time 859.01ms, mfu 15.87%
iter 1700: loss 3.4101, time 858.18ms, mfu 16.17%
step 1750: train loss 3.2352, val loss 3.4794
saving checkpoint to /workspace/classical-training/results/seed-4242/shuffled
iter 1750: loss 3.3701, time 19006.34ms, mfu 14.64%
iter 1800: loss 3.1540, time 858.54ms, mfu 15.07%
iter 1850: loss 3.5568, time 858.96ms, mfu 15.46%
iter 1900: loss 2.8502, time 858.61ms, mfu 15.80%
iter 1950: loss 3.0887, time 858.29ms, mfu 16.12%
step 2000: train loss 3.1135, val loss 3.4038
saving checkpoint to /workspace/classical-training/results/seed-4242/shuffled
iter 2000: loss 2.6576, time 18659.70ms, mfu 14.59%
iter 2050: loss 2.9644, time 856.45ms, mfu 15.03%
iter 2100: loss 2.6327, time 859.47ms, mfu 15.42%
iter 2150: loss 3.2192, time 858.90ms, mfu 15.77%
iter 2200: loss 3.4014, time 858.12ms, mfu 16.09%
step 2250: train loss 2.9567, val loss 3.3338
saving checkpoint to /workspace/classical-training/results/seed-4242/shuffled
iter 2250: loss 3.2760, time 19043.64ms, mfu 14.56%
iter 2300: loss 3.0142, time 854.51ms, mfu 15.01%
iter 2350: loss 3.2560, time 855.35ms, mfu 15.41%
iter 2400: loss 3.2314, time 856.34ms, mfu 15.76%
iter 2450: loss 2.9997, time 855.11ms, mfu 16.09%
step 2500: train loss 2.8328, val loss 3.3504
saving checkpoint to /workspace/classical-training/results/seed-4242/shuffled
iter 2500: loss 2.9731, time 18784.99ms, mfu 14.57%
iter 2550: loss 3.0569, time 855.10ms, mfu 15.01%
iter 2600: loss 2.6352, time 854.54ms, mfu 15.41%
iter 2650: loss 2.9155, time 856.85ms, mfu 15.77%
iter 2700: loss 3.1409, time 856.15ms, mfu 16.09%
step 2750: train loss 2.7671, val loss 3.3271
saving checkpoint to /workspace/classical-training/results/seed-4242/shuffled
iter 2750: loss 2.8434, time 18556.75ms, mfu 14.57%
iter 2800: loss 2.6455, time 855.62ms, mfu 15.01%
iter 2850: loss 2.6662, time 855.16ms, mfu 15.41%
iter 2900: loss 2.5468, time 855.48ms, mfu 15.77%
iter 2950: loss 2.7723, time 854.95ms, mfu 16.09%
step 3000: train loss 2.6130, val loss 3.3548
saving checkpoint to /workspace/classical-training/results/seed-4242/shuffled
iter 3000: loss 2.6235, time 18190.39ms, mfu 14.57%
iter 3050: loss 2.6369, time 856.18ms, mfu 15.01%
iter 3100: loss 2.5366, time 852.88ms, mfu 15.42%
iter 3150: loss 2.4054, time 856.48ms, mfu 15.77%
iter 3200: loss 2.6915, time 856.70ms, mfu 16.09%
step 3250: train loss 2.5195, val loss 3.3067
saving checkpoint to /workspace/classical-training/results/seed-4242/shuffled
iter 3250: loss 2.4911, time 18599.44ms, mfu 14.57%
iter 3300: loss 2.8187, time 854.74ms, mfu 15.01%
iter 3350: loss 2.7820, time 855.40ms, mfu 15.41%
iter 3400: loss 2.3591, time 856.77ms, mfu 15.77%
iter 3450: loss 2.5418, time 857.29ms, mfu 16.09%
step 3500: train loss 2.3813, val loss 3.3809
saving checkpoint to /workspace/classical-training/results/seed-4242/shuffled
iter 3500: loss 2.8142, time 18551.46ms, mfu 14.57%
iter 3550: loss 2.5977, time 855.47ms, mfu 15.01%
iter 3600: loss 2.3890, time 857.26ms, mfu 15.40%
iter 3650: loss 2.5078, time 855.59ms, mfu 15.76%
iter 3700: loss 2.4055, time 854.24ms, mfu 16.09%
step 3750: train loss 2.3118, val loss 3.3937
saving checkpoint to /workspace/classical-training/results/seed-4242/shuffled
iter 3750: loss 2.3034, time 18315.11ms, mfu 14.57%
iter 3800: loss 2.5462, time 856.07ms, mfu 15.01%
iter 3850: loss 2.1016, time 856.52ms, mfu 15.41%
iter 3900: loss 2.3687, time 854.88ms, mfu 15.77%
iter 3950: loss 2.4659, time 856.46ms, mfu 16.09%
step 4000: train loss 2.2492, val loss 3.4286
saving checkpoint to /workspace/classical-training/results/seed-4242/shuffled
iter 4000: loss 2.4685, time 18714.55ms, mfu 14.57%
iter 4050: loss 2.1423, time 856.00ms, mfu 15.01%
iter 4100: loss 2.4176, time 856.65ms, mfu 15.40%
iter 4150: loss 2.5560, time 855.53ms, mfu 15.76%
iter 4200: loss 2.0475, time 857.15ms, mfu 16.08%
step 4250: train loss 2.1604, val loss 3.5210
saving checkpoint to /workspace/classical-training/results/seed-4242/shuffled
iter 4250: loss 2.1625, time 18584.05ms, mfu 14.56%
iter 4300: loss 2.4301, time 854.26ms, mfu 15.01%
iter 4350: loss 1.9475, time 856.02ms, mfu 15.41%
iter 4400: loss 2.1190, time 855.67ms, mfu 15.76%
iter 4450: loss 2.2087, time 854.56ms, mfu 16.09%
step 4500: train loss 2.0760, val loss 3.4843
saving checkpoint to /workspace/classical-training/results/seed-4242/shuffled
iter 4500: loss 1.5287, time 18459.80ms, mfu 14.57%
iter 4550: loss 2.1487, time 855.22ms, mfu 15.01%
iter 4600: loss 1.7969, time 857.95ms, mfu 15.41%
iter 4650: loss 2.1742, time 858.69ms, mfu 15.76%
iter 4700: loss 1.8751, time 856.45ms, mfu 16.08%
step 4750: train loss 2.0874, val loss 3.5484
saving checkpoint to /workspace/classical-training/results/seed-4242/shuffled
iter 4750: loss 1.7931, time 18602.04ms, mfu 14.56%
iter 4800: loss 2.0868, time 852.69ms, mfu 15.01%
iter 4850: loss 2.0336, time 851.89ms, mfu 15.42%
iter 4900: loss 1.6696, time 855.79ms, mfu 15.77%
iter 4950: loss 2.1108, time 854.70ms, mfu 16.10%
step 5000: train loss 1.9924, val loss 3.5517
saving checkpoint to /workspace/classical-training/results/seed-4242/shuffled
iter 5000: loss 1.9468, time 17521.97ms, mfu 14.58%
step 0: train loss 9.1550, val loss 9.1556
step 250: train loss 5.0744, val loss 5.0500
step 500: train loss 4.5635, val loss 4.5266
step 750: train loss 4.0911, val loss 4.1056
step 1000: train loss 3.8133, val loss 3.8326
step 1250: train loss 3.5785, val loss 3.6764
step 1500: train loss 3.3808, val loss 3.5393
step 1750: train loss 3.2352, val loss 3.4794
step 2000: train loss 3.1135, val loss 3.4038
step 2250: train loss 2.9567, val loss 3.3338
step 2500: train loss 2.8328, val loss 3.3504
step 2750: train loss 2.7671, val loss 3.3271
step 3000: train loss 2.6130, val loss 3.3548
step 3250: train loss 2.5195, val loss 3.3067
step 3500: train loss 2.3813, val loss 3.3809
step 3750: train loss 2.3118, val loss 3.3937
step 4000: train loss 2.2492, val loss 3.4286
step 4250: train loss 2.1604, val loss 3.5210
step 4500: train loss 2.0760, val loss 3.4843
step 4750: train loss 2.0874, val loss 3.5484
step 5000: train loss 1.9924, val loss 3.5517
  Completed: Mon May 18 09:21:46 UTC 2026

============================================
[7/10] Seed 7777 (offset 6440), sequenced
Start: Mon May 18 09:21:46 UTC 2026
============================================
Overriding: out_dir = /workspace/classical-training/results/seed-7777/sequenced
Overriding: dataset = classical_sequenced
Overriding: sequential_data = True
Overriding: seed_offset = 6440
Overriding: batch_size = 8
Overriding: block_size = 2048
Overriding: gradient_accumulation_steps = 4
Overriding: eval_interval = 250
Overriding: eval_iters = 100
Overriding: log_interval = 50
Overriding: always_save_checkpoint = True
Overriding: wandb_log = False
Overriding: n_layer = 12
Overriding: n_head = 12
Overriding: n_embd = 768
Overriding: dropout = 0.0
Overriding: bias = True
Overriding: init_from = scratch
Overriding: max_iters = 5000
Overriding: learning_rate = 0.0003
Overriding: weight_decay = 0.1
Overriding: beta1 = 0.9
Overriding: beta2 = 0.95
Overriding: grad_clip = 1.0
Overriding: decay_lr = True
Overriding: warmup_iters = 200
Overriding: lr_decay_iters = 5000
Overriding: min_lr = 3e-05
Overriding: device = cuda
Overriding: dtype = bfloat16
Overriding: compile = False
tokens per iteration will be: 65,536
found vocab_size = 8000 (inside data/classical_sequenced/meta.pkl)
Initializing a new model from scratch
number of parameters: 91.20M
/workspace/classical-training/nanoGPT/train.py:219: FutureWarning: `torch.cuda.amp.GradScaler(args...)` is deprecated. Please use `torch.amp.GradScaler('cuda', args...)` instead.
  scaler = torch.cuda.amp.GradScaler(enabled=(dtype == 'float16'))
num decayed parameter tensors: 50, with 92,651,520 parameters
num non-decayed parameter tensors: 98, with 121,344 parameters
using fused AdamW: True
step 0: train loss 9.1542, val loss 9.1547
iter 0: loss 9.1411, time 15456.17ms, mfu -100.00%
iter 50: loss 7.0897, time 852.43ms, mfu 19.06%
iter 100: loss 5.9920, time 859.76ms, mfu 19.05%
iter 150: loss 6.1100, time 856.55ms, mfu 19.04%
iter 200: loss 6.2621, time 858.67ms, mfu 19.03%
step 250: train loss 6.2257, val loss 6.0276
saving checkpoint to /workspace/classical-training/results/seed-7777/sequenced
iter 250: loss 5.9685, time 18310.37ms, mfu 17.22%
iter 300: loss 5.3809, time 856.65ms, mfu 17.39%
iter 350: loss 5.6929, time 858.68ms, mfu 17.54%
iter 400: loss 6.7447, time 856.58ms, mfu 17.69%
iter 450: loss 5.9576, time 858.54ms, mfu 17.81%
step 500: train loss 6.0080, val loss 5.7063
saving checkpoint to /workspace/classical-training/results/seed-7777/sequenced
iter 500: loss 6.2176, time 17837.94ms, mfu 16.12%
iter 550: loss 5.6980, time 858.43ms, mfu 16.40%
iter 600: loss 5.6328, time 860.52ms, mfu 16.65%
iter 650: loss 5.6133, time 860.86ms, mfu 16.87%
iter 700: loss 4.7853, time 859.54ms, mfu 17.08%
step 750: train loss 5.4526, val loss 5.5471
saving checkpoint to /workspace/classical-training/results/seed-7777/sequenced
iter 750: loss 5.6686, time 18722.33ms, mfu 15.46%
iter 800: loss 5.3691, time 858.70ms, mfu 15.80%
iter 850: loss 4.4033, time 858.81ms, mfu 16.12%
iter 900: loss 5.0623, time 859.54ms, mfu 16.39%
iter 950: loss 5.4836, time 859.45ms, mfu 16.65%
step 1000: train loss 5.5535, val loss 5.4414
saving checkpoint to /workspace/classical-training/results/seed-7777/sequenced
iter 1000: loss 5.7252, time 18665.99ms, mfu 15.07%
iter 1050: loss 5.1825, time 857.92ms, mfu 15.46%
iter 1100: loss 6.2636, time 856.03ms, mfu 15.81%
iter 1150: loss 5.3412, time 856.70ms, mfu 16.12%
iter 1200: loss 5.2550, time 861.71ms, mfu 16.40%
step 1250: train loss 5.5751, val loss 5.4328
saving checkpoint to /workspace/classical-training/results/seed-7777/sequenced
iter 1250: loss 5.5861, time 18892.11ms, mfu 14.84%
iter 1300: loss 6.0198, time 859.14ms, mfu 15.25%
iter 1350: loss 4.5885, time 859.15ms, mfu 15.62%
iter 1400: loss 4.5443, time 862.08ms, mfu 15.94%
iter 1450: loss 5.7283, time 860.58ms, mfu 16.24%
step 1500: train loss 4.8507, val loss 5.1937
saving checkpoint to /workspace/classical-training/results/seed-7777/sequenced
iter 1500: loss 5.2957, time 18557.36ms, mfu 14.70%
iter 1550: loss 5.2171, time 860.61ms, mfu 15.12%
iter 1600: loss 5.0037, time 859.97ms, mfu 15.50%
iter 1650: loss 4.2092, time 859.95ms, mfu 15.84%
iter 1700: loss 4.9384, time 862.12ms, mfu 16.14%
step 1750: train loss 4.9543, val loss 5.1484
saving checkpoint to /workspace/classical-training/results/seed-7777/sequenced
iter 1750: loss 4.6825, time 18570.83ms, mfu 14.61%
iter 1800: loss 4.8458, time 860.55ms, mfu 15.04%
iter 1850: loss 4.8407, time 862.58ms, mfu 15.42%
iter 1900: loss 5.0273, time 860.49ms, mfu 15.77%
iter 1950: loss 5.0214, time 861.45ms, mfu 16.08%
step 2000: train loss 5.3585, val loss 5.0663
saving checkpoint to /workspace/classical-training/results/seed-7777/sequenced
iter 2000: loss 5.2636, time 18621.44ms, mfu 14.56%
iter 2050: loss 5.3342, time 860.45ms, mfu 14.99%
iter 2100: loss 5.0199, time 859.91ms, mfu 15.38%
iter 2150: loss 4.7308, time 859.49ms, mfu 15.73%
iter 2200: loss 5.0929, time 862.02ms, mfu 16.04%
step 2250: train loss 5.0847, val loss 5.0142
saving checkpoint to /workspace/classical-training/results/seed-7777/sequenced
iter 2250: loss 5.9168, time 19039.16ms, mfu 14.53%
iter 2300: loss 4.9930, time 860.25ms, mfu 14.96%
iter 2350: loss 5.1198, time 863.21ms, mfu 15.35%
iter 2400: loss 4.7029, time 863.08ms, mfu 15.70%
iter 2450: loss 4.0758, time 859.80ms, mfu 16.02%
step 2500: train loss 4.9450, val loss 4.9411
saving checkpoint to /workspace/classical-training/results/seed-7777/sequenced
iter 2500: loss 5.1113, time 18691.79ms, mfu 14.50%
iter 2550: loss 3.7491, time 860.20ms, mfu 14.94%
iter 2600: loss 4.7616, time 859.39ms, mfu 15.34%
iter 2650: loss 5.3266, time 859.89ms, mfu 15.69%
iter 2700: loss 5.0336, time 859.83ms, mfu 16.02%
step 2750: train loss 4.8453, val loss 4.8914
saving checkpoint to /workspace/classical-training/results/seed-7777/sequenced
iter 2750: loss 4.8478, time 18518.23ms, mfu 14.50%
iter 2800: loss 5.0174, time 859.91ms, mfu 14.94%
iter 2850: loss 4.1658, time 861.87ms, mfu 15.33%
iter 2900: loss 4.9632, time 859.54ms, mfu 15.69%
iter 2950: loss 4.8400, time 860.96ms, mfu 16.01%
step 3000: train loss 4.8280, val loss 4.8003
saving checkpoint to /workspace/classical-training/results/seed-7777/sequenced
iter 3000: loss 4.8619, time 18837.38ms, mfu 14.49%
iter 3050: loss 4.1136, time 859.90ms, mfu 14.93%
iter 3100: loss 4.8319, time 860.82ms, mfu 15.33%
iter 3150: loss 4.9023, time 861.94ms, mfu 15.68%
iter 3200: loss 5.0327, time 861.41ms, mfu 16.00%
step 3250: train loss 4.4341, val loss 4.7824
saving checkpoint to /workspace/classical-training/results/seed-7777/sequenced
iter 3250: loss 4.9825, time 18935.53ms, mfu 14.49%
iter 3300: loss 5.1259, time 862.83ms, mfu 14.92%
iter 3350: loss 3.6384, time 859.74ms, mfu 15.32%
iter 3400: loss 4.5136, time 861.67ms, mfu 15.67%
iter 3450: loss 4.5904, time 862.77ms, mfu 15.99%
step 3500: train loss 4.2937, val loss 4.7954
saving checkpoint to /workspace/classical-training/results/seed-7777/sequenced
iter 3500: loss 3.8576, time 18745.97ms, mfu 14.48%
iter 3550: loss 4.6207, time 862.11ms, mfu 14.91%
iter 3600: loss 5.0762, time 861.24ms, mfu 15.31%
iter 3650: loss 4.3729, time 862.72ms, mfu 15.66%
iter 3700: loss 3.9885, time 861.44ms, mfu 15.98%
step 3750: train loss 4.5701, val loss 4.6713
saving checkpoint to /workspace/classical-training/results/seed-7777/sequenced
iter 3750: loss 4.3360, time 19073.10ms, mfu 14.47%
iter 3800: loss 4.6377, time 863.89ms, mfu 14.90%
iter 3850: loss 5.3147, time 863.17ms, mfu 15.30%
iter 3900: loss 5.5201, time 864.63ms, mfu 15.65%
iter 3950: loss 4.7710, time 861.44ms, mfu 15.97%
step 4000: train loss 4.5554, val loss 4.6568
saving checkpoint to /workspace/classical-training/results/seed-7777/sequenced
iter 4000: loss 4.1402, time 18843.60ms, mfu 14.46%
iter 4050: loss 4.7474, time 861.83ms, mfu 14.90%
iter 4100: loss 4.4607, time 861.69ms, mfu 15.29%
iter 4150: loss 3.6914, time 861.28ms, mfu 15.65%
iter 4200: loss 4.5763, time 862.56ms, mfu 15.97%
step 4250: train loss 4.5041, val loss 4.6488
saving checkpoint to /workspace/classical-training/results/seed-7777/sequenced
iter 4250: loss 4.4394, time 18732.30ms, mfu 14.46%
iter 4300: loss 3.7663, time 860.05ms, mfu 14.90%
iter 4350: loss 4.6098, time 861.37ms, mfu 15.30%
iter 4400: loss 4.9461, time 862.59ms, mfu 15.65%
iter 4450: loss 4.1585, time 862.27ms, mfu 15.97%
step 4500: train loss 4.4761, val loss 4.6156
saving checkpoint to /workspace/classical-training/results/seed-7777/sequenced
iter 4500: loss 5.1781, time 18202.45ms, mfu 14.47%
iter 4550: loss 5.1602, time 860.66ms, mfu 14.91%
iter 4600: loss 4.5713, time 855.85ms, mfu 15.32%
iter 4650: loss 4.4192, time 860.62ms, mfu 15.67%
iter 4700: loss 3.7134, time 862.32ms, mfu 15.99%
step 4750: train loss 4.4321, val loss 4.6259
saving checkpoint to /workspace/classical-training/results/seed-7777/sequenced
iter 4750: loss 4.7165, time 18474.07ms, mfu 14.48%
iter 4800: loss 4.5231, time 860.35ms, mfu 14.92%
iter 4850: loss 4.5519, time 859.72ms, mfu 15.32%
iter 4900: loss 4.6075, time 861.05ms, mfu 15.67%
iter 4950: loss 4.4931, time 861.91ms, mfu 15.99%
step 5000: train loss 4.4629, val loss 4.5643
saving checkpoint to /workspace/classical-training/results/seed-7777/sequenced
iter 5000: loss 4.7286, time 18613.62ms, mfu 14.48%
step 0: train loss 9.1542, val loss 9.1547
step 250: train loss 6.2257, val loss 6.0276
step 500: train loss 6.0080, val loss 5.7063
step 750: train loss 5.4526, val loss 5.5471
step 1000: train loss 5.5535, val loss 5.4414
step 1250: train loss 5.5751, val loss 5.4328
step 1500: train loss 4.8507, val loss 5.1937
step 1750: train loss 4.9543, val loss 5.1484
step 2000: train loss 5.3585, val loss 5.0663
step 2250: train loss 5.0847, val loss 5.0142
step 2500: train loss 4.9450, val loss 4.9411
step 2750: train loss 4.8453, val loss 4.8914
step 3000: train loss 4.8280, val loss 4.8003
step 3250: train loss 4.4341, val loss 4.7824
step 3500: train loss 4.2937, val loss 4.7954
step 3750: train loss 4.5701, val loss 4.6713
step 4000: train loss 4.5554, val loss 4.6568
step 4250: train loss 4.5041, val loss 4.6488
step 4500: train loss 4.4761, val loss 4.6156
step 4750: train loss 4.4321, val loss 4.6259
step 5000: train loss 4.4629, val loss 4.5643
  Completed: Mon May 18 10:39:42 UTC 2026

============================================
[8/10] Seed 7777 (offset 6440), shuffled
Start: Mon May 18 10:39:42 UTC 2026
============================================
Overriding: out_dir = /workspace/classical-training/results/seed-7777/shuffled
Overriding: dataset = classical_shuffled
Overriding: sequential_data = False
Overriding: seed_offset = 6440
Overriding: batch_size = 8
Overriding: block_size = 2048
Overriding: gradient_accumulation_steps = 4
Overriding: eval_interval = 250
Overriding: eval_iters = 100
Overriding: log_interval = 50
Overriding: always_save_checkpoint = True
Overriding: wandb_log = False
Overriding: n_layer = 12
Overriding: n_head = 12
Overriding: n_embd = 768
Overriding: dropout = 0.0
Overriding: bias = True
Overriding: init_from = scratch
Overriding: max_iters = 5000
Overriding: learning_rate = 0.0003
Overriding: weight_decay = 0.1
Overriding: beta1 = 0.9
Overriding: beta2 = 0.95
Overriding: grad_clip = 1.0
Overriding: decay_lr = True
Overriding: warmup_iters = 200
Overriding: lr_decay_iters = 5000
Overriding: min_lr = 3e-05
Overriding: device = cuda
Overriding: dtype = bfloat16
Overriding: compile = False
tokens per iteration will be: 65,536
found vocab_size = 8000 (inside data/classical_shuffled/meta.pkl)
Initializing a new model from scratch
number of parameters: 91.20M
/workspace/classical-training/nanoGPT/train.py:219: FutureWarning: `torch.cuda.amp.GradScaler(args...)` is deprecated. Please use `torch.amp.GradScaler('cuda', args...)` instead.
  scaler = torch.cuda.amp.GradScaler(enabled=(dtype == 'float16'))
num decayed parameter tensors: 50, with 92,651,520 parameters
num non-decayed parameter tensors: 98, with 121,344 parameters
using fused AdamW: True
step 0: train loss 9.1550, val loss 9.1556
iter 0: loss 9.1678, time 16130.70ms, mfu -100.00%
iter 50: loss 6.7723, time 854.77ms, mfu 19.01%
iter 100: loss 5.5869, time 858.22ms, mfu 19.01%
iter 150: loss 5.3365, time 859.06ms, mfu 19.00%
iter 200: loss 4.9939, time 857.83ms, mfu 18.99%
step 250: train loss 5.0763, val loss 5.0516
saving checkpoint to /workspace/classical-training/results/seed-7777/shuffled
iter 250: loss 5.1558, time 18449.91ms, mfu 17.18%
iter 300: loss 4.9820, time 859.73ms, mfu 17.35%
iter 350: loss 4.7936, time 860.89ms, mfu 17.51%
iter 400: loss 4.6631, time 860.21ms, mfu 17.64%
iter 450: loss 4.6142, time 858.32ms, mfu 17.77%
step 500: train loss 4.5723, val loss 4.5356
saving checkpoint to /workspace/classical-training/results/seed-7777/shuffled
iter 500: loss 4.7250, time 18404.25ms, mfu 16.08%
iter 550: loss 4.6178, time 856.95ms, mfu 16.37%
iter 600: loss 4.0254, time 858.01ms, mfu 16.63%
iter 650: loss 4.2591, time 858.46ms, mfu 16.86%
iter 700: loss 4.4094, time 855.90ms, mfu 17.07%
step 750: train loss 4.0933, val loss 4.1090
saving checkpoint to /workspace/classical-training/results/seed-7777/shuffled
iter 750: loss 4.0729, time 18461.17ms, mfu 15.45%
iter 800: loss 3.8428, time 858.39ms, mfu 15.80%
iter 850: loss 3.5977, time 856.83ms, mfu 16.12%
iter 900: loss 4.1907, time 857.49ms, mfu 16.40%
iter 950: loss 3.9347, time 859.32ms, mfu 16.65%
step 1000: train loss 3.8189, val loss 3.8378
saving checkpoint to /workspace/classical-training/results/seed-7777/shuffled
iter 1000: loss 3.4023, time 18651.04ms, mfu 15.07%
iter 1050: loss 3.9428, time 858.88ms, mfu 15.46%
iter 1100: loss 3.7179, time 855.20ms, mfu 15.81%
iter 1150: loss 3.1402, time 860.56ms, mfu 16.12%
iter 1200: loss 3.1311, time 857.22ms, mfu 16.40%
step 1250: train loss 3.5812, val loss 3.6779
saving checkpoint to /workspace/classical-training/results/seed-7777/shuffled
iter 1250: loss 3.3331, time 19077.87ms, mfu 14.85%
iter 1300: loss 3.6438, time 856.89ms, mfu 15.26%
iter 1350: loss 3.3084, time 856.44ms, mfu 15.63%
iter 1400: loss 3.5278, time 857.63ms, mfu 15.96%
iter 1450: loss 3.3851, time 856.85ms, mfu 16.26%
step 1500: train loss 3.3788, val loss 3.5387
saving checkpoint to /workspace/classical-training/results/seed-7777/shuffled
iter 1500: loss 3.6961, time 18528.12ms, mfu 14.73%
iter 1550: loss 2.7754, time 856.64ms, mfu 15.15%
iter 1600: loss 2.9098, time 860.00ms, mfu 15.52%
iter 1650: loss 3.6396, time 859.43ms, mfu 15.86%
iter 1700: loss 3.4128, time 857.75ms, mfu 16.17%
step 1750: train loss 3.2387, val loss 3.4862
saving checkpoint to /workspace/classical-training/results/seed-7777/shuffled
iter 1750: loss 3.3738, time 18843.57ms, mfu 14.64%
iter 1800: loss 3.1557, time 857.65ms, mfu 15.07%
iter 1850: loss 3.5581, time 858.42ms, mfu 15.46%
iter 1900: loss 2.8501, time 858.47ms, mfu 15.80%
iter 1950: loss 3.0851, time 858.04ms, mfu 16.12%
step 2000: train loss 3.1151, val loss 3.4064
saving checkpoint to /workspace/classical-training/results/seed-7777/shuffled
iter 2000: loss 2.6569, time 18543.56ms, mfu 14.59%
iter 2050: loss 2.9694, time 857.94ms, mfu 15.03%
iter 2100: loss 2.6254, time 855.86ms, mfu 15.42%
iter 2150: loss 3.2180, time 858.51ms, mfu 15.78%
iter 2200: loss 3.3998, time 857.11ms, mfu 16.09%
step 2250: train loss 2.9563, val loss 3.3370
saving checkpoint to /workspace/classical-training/results/seed-7777/shuffled
iter 2250: loss 3.2919, time 18992.82ms, mfu 14.57%
iter 2300: loss 3.0152, time 856.89ms, mfu 15.01%
iter 2350: loss 3.2667, time 859.63ms, mfu 15.40%
iter 2400: loss 3.2273, time 858.39ms, mfu 15.75%
iter 2450: loss 3.0168, time 859.38ms, mfu 16.07%
step 2500: train loss 2.8328, val loss 3.3503
saving checkpoint to /workspace/classical-training/results/seed-7777/shuffled
iter 2500: loss 2.9833, time 18781.83ms, mfu 14.55%
iter 2550: loss 3.0550, time 856.20ms, mfu 14.99%
iter 2600: loss 2.6375, time 857.88ms, mfu 15.39%
iter 2650: loss 2.9073, time 859.21ms, mfu 15.74%
iter 2700: loss 3.1597, time 860.47ms, mfu 16.05%
step 2750: train loss 2.7642, val loss 3.3258
saving checkpoint to /workspace/classical-training/results/seed-7777/shuffled
iter 2750: loss 2.8513, time 18564.81ms, mfu 14.54%
iter 2800: loss 2.6508, time 859.19ms, mfu 14.97%
iter 2850: loss 2.6671, time 859.86ms, mfu 15.37%
iter 2900: loss 2.5510, time 858.97ms, mfu 15.72%
iter 2950: loss 2.7630, time 859.24ms, mfu 16.04%
step 3000: train loss 2.6105, val loss 3.3590
saving checkpoint to /workspace/classical-training/results/seed-7777/shuffled
iter 3000: loss 2.6140, time 18663.13ms, mfu 14.52%
iter 3050: loss 2.6409, time 857.33ms, mfu 14.97%
iter 3100: loss 2.5373, time 860.47ms, mfu 15.36%
iter 3150: loss 2.4006, time 859.60ms, mfu 15.71%
iter 3200: loss 2.6792, time 859.95ms, mfu 16.03%
step 3250: train loss 2.5138, val loss 3.3052
saving checkpoint to /workspace/classical-training/results/seed-7777/shuffled
iter 3250: loss 2.4809, time 18678.80ms, mfu 14.52%
iter 3300: loss 2.8131, time 860.36ms, mfu 14.95%
iter 3350: loss 2.7693, time 857.93ms, mfu 15.35%
iter 3400: loss 2.3471, time 859.00ms, mfu 15.71%
iter 3450: loss 2.5345, time 859.24ms, mfu 16.03%
step 3500: train loss 2.3792, val loss 3.3864
saving checkpoint to /workspace/classical-training/results/seed-7777/shuffled
iter 3500: loss 2.8103, time 18451.54ms, mfu 14.51%
iter 3550: loss 2.6035, time 859.60ms, mfu 14.95%
iter 3600: loss 2.3949, time 859.75ms, mfu 15.35%
iter 3650: loss 2.5093, time 860.11ms, mfu 15.70%
iter 3700: loss 2.3970, time 859.84ms, mfu 16.02%
step 3750: train loss 2.3074, val loss 3.4022
saving checkpoint to /workspace/classical-training/results/seed-7777/shuffled
iter 3750: loss 2.3134, time 18760.49ms, mfu 14.51%
iter 3800: loss 2.5394, time 860.47ms, mfu 14.95%
iter 3850: loss 2.0926, time 860.04ms, mfu 15.34%
iter 3900: loss 2.3645, time 860.49ms, mfu 15.69%
iter 3950: loss 2.4689, time 860.16ms, mfu 16.01%
step 4000: train loss 2.2427, val loss 3.4335
saving checkpoint to /workspace/classical-training/results/seed-7777/shuffled
iter 4000: loss 2.4739, time 19353.62ms, mfu 14.50%
iter 4050: loss 2.1422, time 859.66ms, mfu 14.94%
iter 4100: loss 2.4122, time 860.68ms, mfu 15.33%
iter 4150: loss 2.5455, time 860.76ms, mfu 15.69%
iter 4200: loss 2.0401, time 859.53ms, mfu 16.01%
step 4250: train loss 2.1553, val loss 3.5275
saving checkpoint to /workspace/classical-training/results/seed-7777/shuffled
iter 4250: loss 2.1437, time 18402.46ms, mfu 14.50%
iter 4300: loss 2.4151, time 858.52ms, mfu 14.94%
iter 4350: loss 1.9252, time 860.36ms, mfu 15.33%
iter 4400: loss 2.1029, time 859.67ms, mfu 15.69%
iter 4450: loss 2.2154, time 859.11ms, mfu 16.01%
step 4500: train loss 2.0695, val loss 3.4852
saving checkpoint to /workspace/classical-training/results/seed-7777/shuffled
iter 4500: loss 1.5302, time 18804.78ms, mfu 14.50%
iter 4550: loss 2.1288, time 858.50ms, mfu 14.94%
iter 4600: loss 1.7815, time 858.80ms, mfu 15.34%
iter 4650: loss 2.1805, time 860.20ms, mfu 15.70%
iter 4700: loss 1.8779, time 860.06ms, mfu 16.02%
step 4750: train loss 2.0820, val loss 3.5561
saving checkpoint to /workspace/classical-training/results/seed-7777/shuffled
iter 4750: loss 1.7855, time 18908.04ms, mfu 14.50%
iter 4800: loss 2.0804, time 860.85ms, mfu 14.94%
iter 4850: loss 2.0304, time 859.49ms, mfu 15.33%
iter 4900: loss 1.6661, time 861.20ms, mfu 15.69%
iter 4950: loss 2.0876, time 860.00ms, mfu 16.01%
step 5000: train loss 1.9887, val loss 3.5583
saving checkpoint to /workspace/classical-training/results/seed-7777/shuffled
iter 5000: loss 1.9438, time 18445.19ms, mfu 14.50%
step 0: train loss 9.1550, val loss 9.1556
step 250: train loss 5.0763, val loss 5.0516
step 500: train loss 4.5723, val loss 4.5356
step 750: train loss 4.0933, val loss 4.1090
step 1000: train loss 3.8189, val loss 3.8378
step 1250: train loss 3.5812, val loss 3.6779
step 1500: train loss 3.3788, val loss 3.5387
step 1750: train loss 3.2387, val loss 3.4862
step 2000: train loss 3.1151, val loss 3.4064
step 2250: train loss 2.9563, val loss 3.3370
step 2500: train loss 2.8328, val loss 3.3503
step 2750: train loss 2.7642, val loss 3.3258
step 3000: train loss 2.6105, val loss 3.3590
step 3250: train loss 2.5138, val loss 3.3052
step 3500: train loss 2.3792, val loss 3.3864
step 3750: train loss 2.3074, val loss 3.4022
step 4000: train loss 2.2427, val loss 3.4335
step 4250: train loss 2.1553, val loss 3.5275
step 4500: train loss 2.0695, val loss 3.4852
step 4750: train loss 2.0820, val loss 3.5561
step 5000: train loss 1.9887, val loss 3.5583
  Completed: Mon May 18 11:57:33 UTC 2026

============================================
[9/10] Seed 9999 (offset 8662), sequenced
Start: Mon May 18 11:57:33 UTC 2026
============================================
Overriding: out_dir = /workspace/classical-training/results/seed-9999/sequenced
Overriding: dataset = classical_sequenced
Overriding: sequential_data = True
Overriding: seed_offset = 8662
Overriding: batch_size = 8
Overriding: block_size = 2048
Overriding: gradient_accumulation_steps = 4
Overriding: eval_interval = 250
Overriding: eval_iters = 100
Overriding: log_interval = 50
Overriding: always_save_checkpoint = True
Overriding: wandb_log = False
Overriding: n_layer = 12
Overriding: n_head = 12
Overriding: n_embd = 768
Overriding: dropout = 0.0
Overriding: bias = True
Overriding: init_from = scratch
Overriding: max_iters = 5000
Overriding: learning_rate = 0.0003
Overriding: weight_decay = 0.1
Overriding: beta1 = 0.9
Overriding: beta2 = 0.95
Overriding: grad_clip = 1.0
Overriding: decay_lr = True
Overriding: warmup_iters = 200
Overriding: lr_decay_iters = 5000
Overriding: min_lr = 3e-05
Overriding: device = cuda
Overriding: dtype = bfloat16
Overriding: compile = False
tokens per iteration will be: 65,536
found vocab_size = 8000 (inside data/classical_sequenced/meta.pkl)
Initializing a new model from scratch
number of parameters: 91.20M
/workspace/classical-training/nanoGPT/train.py:219: FutureWarning: `torch.cuda.amp.GradScaler(args...)` is deprecated. Please use `torch.amp.GradScaler('cuda', args...)` instead.
  scaler = torch.cuda.amp.GradScaler(enabled=(dtype == 'float16'))
num decayed parameter tensors: 50, with 92,651,520 parameters
num non-decayed parameter tensors: 98, with 121,344 parameters
using fused AdamW: True
step 0: train loss 9.1542, val loss 9.1547
iter 0: loss 9.1411, time 15268.66ms, mfu -100.00%
iter 50: loss 7.0899, time 855.70ms, mfu 18.99%
iter 100: loss 5.9917, time 860.02ms, mfu 18.98%
iter 150: loss 6.1080, time 860.30ms, mfu 18.97%
iter 200: loss 6.2722, time 862.27ms, mfu 18.96%
step 250: train loss 6.2326, val loss 6.0310
saving checkpoint to /workspace/classical-training/results/seed-9999/sequenced
iter 250: loss 5.9731, time 18459.47ms, mfu 17.15%
iter 300: loss 5.3605, time 862.50ms, mfu 17.32%
iter 350: loss 5.6708, time 861.51ms, mfu 17.48%
iter 400: loss 6.7804, time 862.28ms, mfu 17.61%
iter 450: loss 5.9543, time 862.07ms, mfu 17.74%
step 500: train loss 6.0113, val loss 5.7184
saving checkpoint to /workspace/classical-training/results/seed-9999/sequenced
iter 500: loss 6.2084, time 18709.73ms, mfu 16.05%
iter 550: loss 5.6672, time 861.42ms, mfu 16.33%
iter 600: loss 5.6369, time 861.31ms, mfu 16.59%
iter 650: loss 5.6196, time 860.82ms, mfu 16.81%
iter 700: loss 4.7934, time 863.98ms, mfu 17.01%
step 750: train loss 5.4481, val loss 5.5462
saving checkpoint to /workspace/classical-training/results/seed-9999/sequenced
iter 750: loss 5.6661, time 18674.08ms, mfu 15.40%
iter 800: loss 5.3700, time 861.03ms, mfu 15.75%
iter 850: loss 4.3880, time 860.69ms, mfu 16.06%
iter 900: loss 5.0619, time 861.65ms, mfu 16.34%
iter 950: loss 5.4762, time 860.22ms, mfu 16.60%
step 1000: train loss 5.5663, val loss 5.4354
saving checkpoint to /workspace/classical-training/results/seed-9999/sequenced
iter 1000: loss 5.7227, time 18806.84ms, mfu 15.02%
iter 1050: loss 5.1845, time 861.16ms, mfu 15.41%
iter 1100: loss 6.2851, time 857.54ms, mfu 15.76%
iter 1150: loss 5.3493, time 863.15ms, mfu 16.07%
iter 1200: loss 5.2615, time 862.61ms, mfu 16.35%
step 1250: train loss 5.5625, val loss 5.4178
saving checkpoint to /workspace/classical-training/results/seed-9999/sequenced
iter 1250: loss 5.5403, time 18222.21ms, mfu 14.80%
iter 1300: loss 6.0266, time 861.18ms, mfu 15.21%
iter 1350: loss 4.5661, time 861.17ms, mfu 15.57%
iter 1400: loss 4.5582, time 861.99ms, mfu 15.90%
iter 1450: loss 5.7546, time 862.45ms, mfu 16.20%
step 1500: train loss 4.8060, val loss 5.1913
saving checkpoint to /workspace/classical-training/results/seed-9999/sequenced
iter 1500: loss 5.2867, time 18811.39ms, mfu 14.66%
iter 1550: loss 5.2110, time 861.04ms, mfu 15.08%
iter 1600: loss 4.9961, time 862.31ms, mfu 15.46%
iter 1650: loss 4.2124, time 862.44ms, mfu 15.80%
iter 1700: loss 4.9315, time 862.65ms, mfu 16.10%
step 1750: train loss 4.9654, val loss 5.1441
saving checkpoint to /workspace/classical-training/results/seed-9999/sequenced
iter 1750: loss 4.7075, time 18712.21ms, mfu 14.58%
iter 1800: loss 4.8388, time 862.06ms, mfu 15.01%
iter 1850: loss 4.8389, time 861.60ms, mfu 15.39%
iter 1900: loss 5.0221, time 863.37ms, mfu 15.74%
iter 1950: loss 5.0162, time 861.13ms, mfu 16.05%
step 2000: train loss 5.3184, val loss 5.0627
saving checkpoint to /workspace/classical-training/results/seed-9999/sequenced
iter 2000: loss 5.2759, time 18595.05ms, mfu 14.53%
iter 2050: loss 5.3265, time 861.05ms, mfu 14.97%
iter 2100: loss 5.0110, time 861.98ms, mfu 15.35%
iter 2150: loss 4.6833, time 862.45ms, mfu 15.70%
iter 2200: loss 5.0848, time 861.69ms, mfu 16.02%
step 2250: train loss 5.0868, val loss 5.0053
saving checkpoint to /workspace/classical-training/results/seed-9999/sequenced
iter 2250: loss 5.9117, time 18713.88ms, mfu 14.50%
iter 2300: loss 4.9936, time 861.14ms, mfu 14.94%
iter 2350: loss 5.1208, time 860.73ms, mfu 15.33%
iter 2400: loss 4.7134, time 862.46ms, mfu 15.69%
iter 2450: loss 4.0678, time 861.47ms, mfu 16.00%
step 2500: train loss 4.9449, val loss 4.9487
saving checkpoint to /workspace/classical-training/results/seed-9999/sequenced
iter 2500: loss 5.0993, time 18674.74ms, mfu 14.49%
iter 2550: loss 3.7497, time 861.42ms, mfu 14.93%
iter 2600: loss 4.7468, time 861.28ms, mfu 15.32%
iter 2650: loss 5.3210, time 861.98ms, mfu 15.68%
iter 2700: loss 5.0446, time 862.01ms, mfu 15.99%
step 2750: train loss 4.8511, val loss 4.8961
saving checkpoint to /workspace/classical-training/results/seed-9999/sequenced
iter 2750: loss 4.8740, time 22484.61ms, mfu 14.47%
iter 2800: loss 5.0262, time 860.76ms, mfu 14.91%
iter 2850: loss 4.1391, time 861.75ms, mfu 15.30%
iter 2900: loss 4.9915, time 860.87ms, mfu 15.66%
iter 2950: loss 4.8400, time 864.11ms, mfu 15.97%
step 3000: train loss 4.8323, val loss 4.8003
saving checkpoint to /workspace/classical-training/results/seed-9999/sequenced
iter 3000: loss 4.8733, time 18584.86ms, mfu 14.46%
iter 3050: loss 4.0861, time 861.30ms, mfu 14.91%
iter 3100: loss 4.8299, time 862.07ms, mfu 15.30%
iter 3150: loss 4.9023, time 861.46ms, mfu 15.66%
iter 3200: loss 5.0158, time 862.12ms, mfu 15.98%
step 3250: train loss 4.4316, val loss 4.7882
saving checkpoint to /workspace/classical-training/results/seed-9999/sequenced
iter 3250: loss 5.0069, time 18553.93ms, mfu 14.47%
iter 3300: loss 5.1487, time 861.51ms, mfu 14.91%
iter 3350: loss 3.6676, time 861.87ms, mfu 15.30%
iter 3400: loss 4.5078, time 862.56ms, mfu 15.65%
iter 3450: loss 4.5673, time 861.62ms, mfu 15.98%
step 3500: train loss 4.2887, val loss 4.7726
saving checkpoint to /workspace/classical-training/results/seed-9999/sequenced
iter 3500: loss 3.8496, time 18486.81ms, mfu 14.47%
iter 3550: loss 4.6229, time 860.60ms, mfu 14.91%
iter 3600: loss 5.0685, time 860.93ms, mfu 15.30%
iter 3650: loss 4.3652, time 860.20ms, mfu 15.66%
iter 3700: loss 4.0019, time 861.59ms, mfu 15.98%
step 3750: train loss 4.5494, val loss 4.6696
saving checkpoint to /workspace/classical-training/results/seed-9999/sequenced
iter 3750: loss 4.3649, time 18487.31ms, mfu 14.47%
iter 3800: loss 4.6250, time 860.24ms, mfu 14.91%
iter 3850: loss 5.3175, time 863.97ms, mfu 15.30%
iter 3900: loss 5.5285, time 862.47ms, mfu 15.66%
iter 3950: loss 4.7753, time 859.78ms, mfu 15.98%
step 4000: train loss 4.5436, val loss 4.6553
saving checkpoint to /workspace/classical-training/results/seed-9999/sequenced
iter 4000: loss 4.0848, time 18162.12ms, mfu 14.47%
iter 4050: loss 4.7341, time 861.47ms, mfu 14.91%
iter 4100: loss 4.4640, time 861.22ms, mfu 15.31%
iter 4150: loss 3.7026, time 861.39ms, mfu 15.66%
iter 4200: loss 4.5627, time 862.16ms, mfu 15.98%
step 4250: train loss 4.5053, val loss 4.6523
saving checkpoint to /workspace/classical-training/results/seed-9999/sequenced
iter 4250: loss 4.4357, time 18903.47ms, mfu 14.47%
iter 4300: loss 3.7589, time 860.41ms, mfu 14.91%
iter 4350: loss 4.6067, time 861.62ms, mfu 15.31%
iter 4400: loss 4.9393, time 862.04ms, mfu 15.66%
iter 4450: loss 4.1420, time 862.04ms, mfu 15.98%
step 4500: train loss 4.4650, val loss 4.6109
saving checkpoint to /workspace/classical-training/results/seed-9999/sequenced
iter 4500: loss 5.1735, time 18733.60ms, mfu 14.47%
iter 4550: loss 5.1630, time 860.49ms, mfu 14.91%
iter 4600: loss 4.5634, time 861.76ms, mfu 15.31%
iter 4650: loss 4.3987, time 861.24ms, mfu 15.66%
iter 4700: loss 3.7256, time 861.48ms, mfu 15.98%
step 4750: train loss 4.4232, val loss 4.6144
saving checkpoint to /workspace/classical-training/results/seed-9999/sequenced
iter 4750: loss 4.7350, time 18508.46ms, mfu 14.47%
iter 4800: loss 4.4997, time 861.79ms, mfu 14.91%
iter 4850: loss 4.5595, time 861.03ms, mfu 15.31%
iter 4900: loss 4.6006, time 862.62ms, mfu 15.66%
iter 4950: loss 4.4979, time 861.52ms, mfu 15.98%
step 5000: train loss 4.4565, val loss 4.5614
saving checkpoint to /workspace/classical-training/results/seed-9999/sequenced
iter 5000: loss 4.7387, time 18266.92ms, mfu 14.47%
step 0: train loss 9.1542, val loss 9.1547
step 250: train loss 6.2326, val loss 6.0310
step 500: train loss 6.0113, val loss 5.7184
step 750: train loss 5.4481, val loss 5.5462
step 1000: train loss 5.5663, val loss 5.4354
step 1250: train loss 5.5625, val loss 5.4178
step 1500: train loss 4.8060, val loss 5.1913
step 1750: train loss 4.9654, val loss 5.1441
step 2000: train loss 5.3184, val loss 5.0627
step 2250: train loss 5.0868, val loss 5.0053
step 2500: train loss 4.9449, val loss 4.9487
step 2750: train loss 4.8511, val loss 4.8961
step 3000: train loss 4.8323, val loss 4.8003
step 3250: train loss 4.4316, val loss 4.7882
step 3500: train loss 4.2887, val loss 4.7726
step 3750: train loss 4.5494, val loss 4.6696
step 4000: train loss 4.5436, val loss 4.6553
step 4250: train loss 4.5053, val loss 4.6523
step 4500: train loss 4.4650, val loss 4.6109
step 4750: train loss 4.4232, val loss 4.6144
step 5000: train loss 4.4565, val loss 4.5614
  Completed: Mon May 18 13:15:38 UTC 2026

============================================
[10/10] Seed 9999 (offset 8662), shuffled
Start: Mon May 18 13:15:38 UTC 2026
============================================
Overriding: out_dir = /workspace/classical-training/results/seed-9999/shuffled
Overriding: dataset = classical_shuffled
Overriding: sequential_data = False
Overriding: seed_offset = 8662
Overriding: batch_size = 8
Overriding: block_size = 2048
Overriding: gradient_accumulation_steps = 4
Overriding: eval_interval = 250
Overriding: eval_iters = 100
Overriding: log_interval = 50
Overriding: always_save_checkpoint = True
Overriding: wandb_log = False
Overriding: n_layer = 12
Overriding: n_head = 12
Overriding: n_embd = 768
Overriding: dropout = 0.0
Overriding: bias = True
Overriding: init_from = scratch
Overriding: max_iters = 5000
Overriding: learning_rate = 0.0003
Overriding: weight_decay = 0.1
Overriding: beta1 = 0.9
Overriding: beta2 = 0.95
Overriding: grad_clip = 1.0
Overriding: decay_lr = True
Overriding: warmup_iters = 200
Overriding: lr_decay_iters = 5000
Overriding: min_lr = 3e-05
Overriding: device = cuda
Overriding: dtype = bfloat16
Overriding: compile = False
tokens per iteration will be: 65,536
found vocab_size = 8000 (inside data/classical_shuffled/meta.pkl)
Initializing a new model from scratch
number of parameters: 91.20M
/workspace/classical-training/nanoGPT/train.py:219: FutureWarning: `torch.cuda.amp.GradScaler(args...)` is deprecated. Please use `torch.amp.GradScaler('cuda', args...)` instead.
  scaler = torch.cuda.amp.GradScaler(enabled=(dtype == 'float16'))
num decayed parameter tensors: 50, with 92,651,520 parameters
num non-decayed parameter tensors: 98, with 121,344 parameters
using fused AdamW: True
step 0: train loss 9.1550, val loss 9.1556
iter 0: loss 9.1678, time 15841.53ms, mfu -100.00%
iter 50: loss 6.7722, time 858.30ms, mfu 18.93%
iter 100: loss 5.5718, time 859.67ms, mfu 18.93%
iter 150: loss 5.3415, time 861.30ms, mfu 18.93%
iter 200: loss 4.9917, time 859.20ms, mfu 18.92%
step 250: train loss 5.0776, val loss 5.0535
saving checkpoint to /workspace/classical-training/results/seed-9999/shuffled
iter 250: loss 5.1576, time 18757.30ms, mfu 17.12%
iter 300: loss 4.9823, time 861.15ms, mfu 17.29%
iter 350: loss 4.7914, time 861.07ms, mfu 17.45%
iter 400: loss 4.6636, time 860.79ms, mfu 17.59%
iter 450: loss 4.6183, time 859.82ms, mfu 17.73%
step 500: train loss 4.5668, val loss 4.5306
saving checkpoint to /workspace/classical-training/results/seed-9999/shuffled
iter 500: loss 4.7180, time 18303.42ms, mfu 16.04%
iter 550: loss 4.6145, time 857.12ms, mfu 16.33%
iter 600: loss 4.0245, time 857.36ms, mfu 16.60%
iter 650: loss 4.2589, time 857.23ms, mfu 16.83%
iter 700: loss 4.3980, time 856.91ms, mfu 17.05%
step 750: train loss 4.0860, val loss 4.1031
saving checkpoint to /workspace/classical-training/results/seed-9999/shuffled
iter 750: loss 4.0656, time 18477.82ms, mfu 15.43%
iter 800: loss 3.8456, time 857.86ms, mfu 15.78%
iter 850: loss 3.5920, time 859.51ms, mfu 16.09%
iter 900: loss 4.2030, time 859.65ms, mfu 16.37%
iter 950: loss 3.9320, time 859.57ms, mfu 16.63%
step 1000: train loss 3.8165, val loss 3.8366
saving checkpoint to /workspace/classical-training/results/seed-9999/shuffled
iter 1000: loss 3.4006, time 18078.74ms, mfu 15.05%
iter 1050: loss 3.9392, time 859.06ms, mfu 15.44%
iter 1100: loss 3.7136, time 858.31ms, mfu 15.79%
iter 1150: loss 3.1370, time 859.76ms, mfu 16.10%
iter 1200: loss 3.1398, time 860.18ms, mfu 16.38%
step 1250: train loss 3.5761, val loss 3.6736
saving checkpoint to /workspace/classical-training/results/seed-9999/shuffled
iter 1250: loss 3.3237, time 18475.88ms, mfu 14.83%
iter 1300: loss 3.6343, time 859.39ms, mfu 15.24%
iter 1350: loss 3.2993, time 859.68ms, mfu 15.61%
iter 1400: loss 3.5344, time 859.61ms, mfu 15.94%
iter 1450: loss 3.3807, time 859.66ms, mfu 16.23%
step 1500: train loss 3.3811, val loss 3.5421
saving checkpoint to /workspace/classical-training/results/seed-9999/shuffled
iter 1500: loss 3.6950, time 18523.30ms, mfu 14.70%
iter 1550: loss 2.7723, time 858.14ms, mfu 15.12%
iter 1600: loss 2.9089, time 858.38ms, mfu 15.50%
iter 1650: loss 3.6319, time 860.32ms, mfu 15.84%
iter 1700: loss 3.4076, time 859.40ms, mfu 16.15%
step 1750: train loss 3.2347, val loss 3.4791
saving checkpoint to /workspace/classical-training/results/seed-9999/shuffled
iter 1750: loss 3.3714, time 18574.78ms, mfu 14.62%
iter 1800: loss 3.1553, time 859.58ms, mfu 15.05%
iter 1850: loss 3.5606, time 859.85ms, mfu 15.43%
iter 1900: loss 2.8531, time 859.28ms, mfu 15.78%
iter 1950: loss 3.0872, time 859.37ms, mfu 16.09%
step 2000: train loss 3.1144, val loss 3.4030
saving checkpoint to /workspace/classical-training/results/seed-9999/shuffled
iter 2000: loss 2.6600, time 19036.24ms, mfu 14.57%
iter 2050: loss 2.9643, time 857.96ms, mfu 15.01%
iter 2100: loss 2.6314, time 857.93ms, mfu 15.40%
iter 2150: loss 3.2180, time 858.31ms, mfu 15.75%
iter 2200: loss 3.3968, time 859.43ms, mfu 16.07%
step 2250: train loss 2.9541, val loss 3.3354
saving checkpoint to /workspace/classical-training/results/seed-9999/shuffled
iter 2250: loss 3.2804, time 18775.93ms, mfu 14.55%
iter 2300: loss 3.0099, time 859.31ms, mfu 14.99%
iter 2350: loss 3.2683, time 858.68ms, mfu 15.38%
iter 2400: loss 3.2292, time 859.61ms, mfu 15.73%
iter 2450: loss 2.9975, time 858.90ms, mfu 16.05%
step 2500: train loss 2.8327, val loss 3.3527
saving checkpoint to /workspace/classical-training/results/seed-9999/shuffled
iter 2500: loss 2.9749, time 18620.33ms, mfu 14.53%
iter 2550: loss 3.0567, time 855.50ms, mfu 14.98%
iter 2600: loss 2.6365, time 857.89ms, mfu 15.38%
iter 2650: loss 2.9102, time 859.31ms, mfu 15.73%
iter 2700: loss 3.1604, time 860.23ms, mfu 16.05%
step 2750: train loss 2.7698, val loss 3.3298
saving checkpoint to /workspace/classical-training/results/seed-9999/shuffled
iter 2750: loss 2.8593, time 18414.13ms, mfu 14.53%
iter 2800: loss 2.6461, time 857.66ms, mfu 14.97%
iter 2850: loss 2.6762, time 858.79ms, mfu 15.37%
iter 2900: loss 2.5646, time 860.16ms, mfu 15.72%
iter 2950: loss 2.7715, time 859.23ms, mfu 16.04%
step 3000: train loss 2.6135, val loss 3.3544
saving checkpoint to /workspace/classical-training/results/seed-9999/shuffled
iter 3000: loss 2.6173, time 18608.26ms, mfu 14.52%
iter 3050: loss 2.6469, time 857.28ms, mfu 14.97%
iter 3100: loss 2.5401, time 860.64ms, mfu 15.36%
iter 3150: loss 2.4147, time 858.37ms, mfu 15.72%
iter 3200: loss 2.6877, time 857.87ms, mfu 16.04%
step 3250: train loss 2.5186, val loss 3.3026
saving checkpoint to /workspace/classical-training/results/seed-9999/shuffled
iter 3250: loss 2.4933, time 18367.75ms, mfu 14.52%
iter 3300: loss 2.8199, time 856.16ms, mfu 14.97%
iter 3350: loss 2.7753, time 857.85ms, mfu 15.37%
iter 3400: loss 2.3648, time 859.52ms, mfu 15.72%
iter 3450: loss 2.5429, time 858.33ms, mfu 16.04%
step 3500: train loss 2.3838, val loss 3.3817
saving checkpoint to /workspace/classical-training/results/seed-9999/shuffled
iter 3500: loss 2.8295, time 18566.46ms, mfu 14.53%
iter 3550: loss 2.5969, time 858.17ms, mfu 14.97%
iter 3600: loss 2.3997, time 858.97ms, mfu 15.36%
iter 3650: loss 2.5118, time 858.73ms, mfu 15.72%
iter 3700: loss 2.4107, time 859.19ms, mfu 16.04%
step 3750: train loss 2.3122, val loss 3.3948
saving checkpoint to /workspace/classical-training/results/seed-9999/shuffled
iter 3750: loss 2.3135, time 18689.58ms, mfu 14.52%
iter 3800: loss 2.5598, time 855.97ms, mfu 14.97%
iter 3850: loss 2.1162, time 863.01ms, mfu 15.35%
iter 3900: loss 2.3796, time 858.50ms, mfu 15.71%
iter 3950: loss 2.4718, time 858.48ms, mfu 16.03%
step 4000: train loss 2.2516, val loss 3.4308
saving checkpoint to /workspace/classical-training/results/seed-9999/shuffled
iter 4000: loss 2.4692, time 18423.60ms, mfu 14.52%
iter 4050: loss 2.1511, time 857.92ms, mfu 14.96%
iter 4100: loss 2.4303, time 858.63ms, mfu 15.36%
iter 4150: loss 2.5525, time 859.47ms, mfu 15.71%
iter 4200: loss 2.0493, time 858.17ms, mfu 16.03%
step 4250: train loss 2.1620, val loss 3.5214
saving checkpoint to /workspace/classical-training/results/seed-9999/shuffled
iter 4250: loss 2.1674, time 18508.57ms, mfu 14.52%
iter 4300: loss 2.4179, time 859.30ms, mfu 14.96%
iter 4350: loss 1.9326, time 857.82ms, mfu 15.36%
iter 4400: loss 2.1146, time 860.46ms, mfu 15.71%
iter 4450: loss 2.2205, time 858.09ms, mfu 16.03%
step 4500: train loss 2.0773, val loss 3.4829
saving checkpoint to /workspace/classical-training/results/seed-9999/shuffled
iter 4500: loss 1.5469, time 18392.28ms, mfu 14.52%
iter 4550: loss 2.1348, time 859.48ms, mfu 14.96%
iter 4600: loss 1.7951, time 856.28ms, mfu 15.36%
iter 4650: loss 2.1838, time 860.77ms, mfu 15.71%
iter 4700: loss 1.8826, time 855.13ms, mfu 16.04%
step 4750: train loss 2.0917, val loss 3.5465
saving checkpoint to /workspace/classical-training/results/seed-9999/shuffled
iter 4750: loss 1.7953, time 18644.71ms, mfu 14.52%
iter 4800: loss 2.0883, time 858.73ms, mfu 14.96%
iter 4850: loss 2.0243, time 857.50ms, mfu 15.36%
iter 4900: loss 1.6782, time 860.02ms, mfu 15.72%
iter 4950: loss 2.0801, time 858.42ms, mfu 16.04%
step 5000: train loss 1.9958, val loss 3.5529
saving checkpoint to /workspace/classical-training/results/seed-9999/shuffled
iter 5000: loss 1.9559, time 18287.96ms, mfu 14.52%
step 0: train loss 9.1550, val loss 9.1556
step 250: train loss 5.0776, val loss 5.0535
step 500: train loss 4.5668, val loss 4.5306
step 750: train loss 4.0860, val loss 4.1031
step 1000: train loss 3.8165, val loss 3.8366
step 1250: train loss 3.5761, val loss 3.6736
step 1500: train loss 3.3811, val loss 3.5421
step 1750: train loss 3.2347, val loss 3.4791
step 2000: train loss 3.1144, val loss 3.4030
step 2250: train loss 2.9541, val loss 3.3354
step 2500: train loss 2.8327, val loss 3.3527
step 2750: train loss 2.7698, val loss 3.3298
step 3000: train loss 2.6135, val loss 3.3544
step 3250: train loss 2.5186, val loss 3.3026
step 3500: train loss 2.3838, val loss 3.3817
step 3750: train loss 2.3122, val loss 3.3948
step 4000: train loss 2.2516, val loss 3.4308
step 4250: train loss 2.1620, val loss 3.5214
step 4500: train loss 2.0773, val loss 3.4829
step 4750: train loss 2.0917, val loss 3.5465
step 5000: train loss 1.9958, val loss 3.5529
  Completed: Mon May 18 14:33:26 UTC 2026

============================================
Checksums
============================================
850387d4a8c65aee77bca716b17e7b9e  /workspace/classical-training/results/seed-1337/sequenced/ckpt.pt
3b662b2af6db48c7f9646abe23e80ea8  /workspace/classical-training/results/seed-1337/shuffled/ckpt.pt
a9cae4683ecb3b1a071f0ab582f0a3b0  /workspace/classical-training/results/seed-2024/sequenced/ckpt.pt
8c65a0d1c603f8a90f910d3f409a2a18  /workspace/classical-training/results/seed-2024/shuffled/ckpt.pt
0608d0bd787189b5a39199148a154340  /workspace/classical-training/results/seed-4242/sequenced/ckpt.pt
c07faf4c164b1b616b1ed644af6dd1b9  /workspace/classical-training/results/seed-4242/shuffled/ckpt.pt
d89b13b40dc29c84d35a1deeb976d444  /workspace/classical-training/results/seed-7777/sequenced/ckpt.pt
7b3359c9f61119df80a9cc86a0887fdc  /workspace/classical-training/results/seed-7777/shuffled/ckpt.pt
5135110a2220a3a527ed75827d273be2  /workspace/classical-training/results/seed-9999/sequenced/ckpt.pt
958dece8618d0d4873adae061d231a50  /workspace/classical-training/results/seed-9999/shuffled/ckpt.pt

============================================
Final results (step 5000)
============================================

Seed   Condition    Train Loss   Val Loss     Gap       
----   ---------    ----------   --------     ---       

Means:

Packaging results...
